Archive member included to satisfy reference by file (symbol)

C:/ST/STM32CubeIDE_2.1.0/STM32CubeIDE/plugins/com.st.stm32cube.ide.mcu.externaltools.gnu-tools-for-stm32.14.3.rel1.win32_1.0.100.202602081740/tools/bin/../lib/gcc/arm-none-eabi/14.3.1/../../../../arm-none-eabi/lib/thumb/v7e-m+fp/hard\libc_nano.a(libc_a-exit.o)
                              C:/ST/STM32CubeIDE_2.1.0/STM32CubeIDE/plugins/com.st.stm32cube.ide.mcu.externaltools.gnu-tools-for-stm32.14.3.rel1.win32_1.0.100.202602081740/tools/bin/../lib/gcc/arm-none-eabi/14.3.1/../../../../arm-none-eabi/lib/thumb/v7e-m+fp/hard/crt0.o (exit)
C:/ST/STM32CubeIDE_2.1.0/STM32CubeIDE/plugins/com.st.stm32cube.ide.mcu.externaltools.gnu-tools-for-stm32.14.3.rel1.win32_1.0.100.202602081740/tools/bin/../lib/gcc/arm-none-eabi/14.3.1/../../../../arm-none-eabi/lib/thumb/v7e-m+fp/hard\libc_nano.a(libc_a-findfp.o)
                              C:/ST/STM32CubeIDE_2.1.0/STM32CubeIDE/plugins/com.st.stm32cube.ide.mcu.externaltools.gnu-tools-for-stm32.14.3.rel1.win32_1.0.100.202602081740/tools/bin/../lib/gcc/arm-none-eabi/14.3.1/../../../../arm-none-eabi/lib/thumb/v7e-m+fp/hard\libc_nano.a(libc_a-exit.o) (__stdio_exit_handler)
C:/ST/STM32CubeIDE_2.1.0/STM32CubeIDE/plugins/com.st.stm32cube.ide.mcu.externaltools.gnu-tools-for-stm32.14.3.rel1.win32_1.0.100.202602081740/tools/bin/../lib/gcc/arm-none-eabi/14.3.1/../../../../arm-none-eabi/lib/thumb/v7e-m+fp/hard\libc_nano.a(libc_a-fwalk.o)
                              C:/ST/STM32CubeIDE_2.1.0/STM32CubeIDE/plugins/com.st.stm32cube.ide.mcu.externaltools.gnu-tools-for-stm32.14.3.rel1.win32_1.0.100.202602081740/tools/bin/../lib/gcc/arm-none-eabi/14.3.1/../../../../arm-none-eabi/lib/thumb/v7e-m+fp/hard\libc_nano.a(libc_a-findfp.o) (_fwalk_sglue)
C:/ST/STM32CubeIDE_2.1.0/STM32CubeIDE/plugins/com.st.stm32cube.ide.mcu.externaltools.gnu-tools-for-stm32.14.3.rel1.win32_1.0.100.202602081740/tools/bin/../lib/gcc/arm-none-eabi/14.3.1/../../../../arm-none-eabi/lib/thumb/v7e-m+fp/hard\libc_nano.a(libc_a-stdio.o)
                              C:/ST/STM32CubeIDE_2.1.0/STM32CubeIDE/plugins/com.st.stm32cube.ide.mcu.externaltools.gnu-tools-for-stm32.14.3.rel1.win32_1.0.100.202602081740/tools/bin/../lib/gcc/arm-none-eabi/14.3.1/../../../../arm-none-eabi/lib/thumb/v7e-m+fp/hard\libc_nano.a(libc_a-findfp.o) (__sread)
C:/ST/STM32CubeIDE_2.1.0/STM32CubeIDE/plugins/com.st.stm32cube.ide.mcu.externaltools.gnu-tools-for-stm32.14.3.rel1.win32_1.0.100.202602081740/tools/bin/../lib/gcc/arm-none-eabi/14.3.1/../../../../arm-none-eabi/lib/thumb/v7e-m+fp/hard\libc_nano.a(libc_a-memset.o)
                              C:/ST/STM32CubeIDE_2.1.0/STM32CubeIDE/plugins/com.st.stm32cube.ide.mcu.externaltools.gnu-tools-for-stm32.14.3.rel1.win32_1.0.100.202602081740/tools/bin/../lib/gcc/arm-none-eabi/14.3.1/../../../../arm-none-eabi/lib/thumb/v7e-m+fp/hard/crt0.o (memset)
C:/ST/STM32CubeIDE_2.1.0/STM32CubeIDE/plugins/com.st.stm32cube.ide.mcu.externaltools.gnu-tools-for-stm32.14.3.rel1.win32_1.0.100.202602081740/tools/bin/../lib/gcc/arm-none-eabi/14.3.1/../../../../arm-none-eabi/lib/thumb/v7e-m+fp/hard\libc_nano.a(libc_a-closer.o)
                              C:/ST/STM32CubeIDE_2.1.0/STM32CubeIDE/plugins/com.st.stm32cube.ide.mcu.externaltools.gnu-tools-for-stm32.14.3.rel1.win32_1.0.100.202602081740/tools/bin/../lib/gcc/arm-none-eabi/14.3.1/../../../../arm-none-eabi/lib/thumb/v7e-m+fp/hard\libc_nano.a(libc_a-stdio.o) (_close_r)
C:/ST/STM32CubeIDE_2.1.0/STM32CubeIDE/plugins/com.st.stm32cube.ide.mcu.externaltools.gnu-tools-for-stm32.14.3.rel1.win32_1.0.100.202602081740/tools/bin/../lib/gcc/arm-none-eabi/14.3.1/../../../../arm-none-eabi/lib/thumb/v7e-m+fp/hard\libc_nano.a(libc_a-reent.o)
                              C:/ST/STM32CubeIDE_2.1.0/STM32CubeIDE/plugins/com.st.stm32cube.ide.mcu.externaltools.gnu-tools-for-stm32.14.3.rel1.win32_1.0.100.202602081740/tools/bin/../lib/gcc/arm-none-eabi/14.3.1/../../../../arm-none-eabi/lib/thumb/v7e-m+fp/hard\libc_nano.a(libc_a-closer.o) (errno)
C:/ST/STM32CubeIDE_2.1.0/STM32CubeIDE/plugins/com.st.stm32cube.ide.mcu.externaltools.gnu-tools-for-stm32.14.3.rel1.win32_1.0.100.202602081740/tools/bin/../lib/gcc/arm-none-eabi/14.3.1/../../../../arm-none-eabi/lib/thumb/v7e-m+fp/hard\libc_nano.a(libc_a-impure.o)
                              C:/ST/STM32CubeIDE_2.1.0/STM32CubeIDE/plugins/com.st.stm32cube.ide.mcu.externaltools.gnu-tools-for-stm32.14.3.rel1.win32_1.0.100.202602081740/tools/bin/../lib/gcc/arm-none-eabi/14.3.1/../../../../arm-none-eabi/lib/thumb/v7e-m+fp/hard\libc_nano.a(libc_a-reent.o) (_impure_ptr)
C:/ST/STM32CubeIDE_2.1.0/STM32CubeIDE/plugins/com.st.stm32cube.ide.mcu.externaltools.gnu-tools-for-stm32.14.3.rel1.win32_1.0.100.202602081740/tools/bin/../lib/gcc/arm-none-eabi/14.3.1/../../../../arm-none-eabi/lib/thumb/v7e-m+fp/hard\libc_nano.a(libc_a-lseekr.o)
[...]
Memory Configuration

Name             Origin             Length             Attributes
RAM              0x20000000         0x00020000         xrw
FLASH            0x08000000         0x00080000         xr
*default*        0x00000000         0xffffffff

Linker script and memory map

LOAD C:/ST/STM32CubeIDE_2.1.0/STM32CubeIDE/plugins/com.st.stm32cube.ide.mcu.externaltools.gnu-tools-for-stm32.14.3.rel1.win32_1.0.100.202602081740/tools/bin/../lib/gcc/arm-none-eabi/14.3.1/thumb/v7e-m+fp/hard/crti.o
LOAD C:/ST/STM32CubeIDE_2.1.0/STM32CubeIDE/plugins/com.st.stm32cube.ide.mcu.externaltools.gnu-tools-for-stm32.14.3.rel1.win32_1.0.100.202602081740/tools/bin/../lib/gcc/arm-none-eabi/14.3.1/thumb/v7e-m+fp/hard/crtbegin.o
LOAD C:/ST/STM32CubeIDE_2.1.0/STM32CubeIDE/plugins/com.st.stm32cube.ide.mcu.externaltools.gnu-tools-for-stm32.14.3.rel1.win32_1.0.100.202602081740/tools/bin/../lib/gcc/arm-none-eabi/14.3.1/../../../../arm-none-eabi/lib/thumb/v7e-m+fp/hard/crt0.o
LOAD ./Core/Src/SevenSegmentLib.o
LOAD ./Core/Src/main.o
LOAD ./Core/Src/stm32f4xx_hal_msp.o
LOAD ./Core/Src/stm32f4xx_it.o
LOAD ./Core/Src/syscalls.o
LOAD ./Core/Src/sysmem.o
LOAD ./Core/Src/system_stm32f4xx.o
LOAD ./Core/Startup/startup_stm32f446retx.o
LOAD ./Drivers/STM32F4xx_HAL_Driver/Src/stm32f4xx_hal.o
LOAD ./Drivers/STM32F4xx_HAL_Driver/Src/stm32f4xx_hal_adc.o
LOAD ./Drivers/STM32F4xx_HAL_Driver/Src/stm32f4xx_hal_adc_ex.o
LOAD ./Drivers/STM32F4xx_HAL_Driver/Src/stm32f4xx_hal_cortex.o
LOAD ./Drivers/STM32F4xx_HAL_Driver/Src/stm32f4xx_hal_dma.o
LOAD ./Drivers/STM32F4xx_HAL_Driver/Src/stm32f4xx_hal_dma_ex.o
LOAD ./Drivers/STM32F4xx_HAL_Driver/Src/stm32f4xx_hal_exti.o
LOAD ./Drivers/STM32F4xx_HAL_Driver/Src/stm32f4xx_hal_flash.o
LOAD ./Drivers/STM32F4xx_HAL_Driver/Src/stm32f4xx_hal_flash_ex.o
LOAD ./Drivers/STM32F4xx_HAL_Driver/Src/stm32f4xx_hal_flash_ramfunc.o
LOAD ./Drivers/STM32F4xx_HAL_Driver/Src/stm32f4xx_hal_gpio.o
LOAD ./Drivers/STM32F4xx_HAL_Driver/Src/stm32f4xx_hal_i2c.o
LOAD ./Drivers/STM32F4xx_HAL_Driver/Src/stm32f4xx_hal_i2c_ex.o
LOAD ./Drivers/STM32F4xx_HAL_Driver/Src/stm32f4xx_hal_pwr.o
LOAD ./Drivers/STM32F4xx_HAL_Driver/Src/stm32f4xx_hal_pwr_ex.o
LOAD ./Drivers/STM32F4xx_HAL_Driver/Src/stm32f4xx_hal_rcc.o
LOAD ./Drivers/STM32F4xx_HAL_Driver/Src/stm32f4xx_hal_rcc_ex.o
LOAD ./Drivers/STM32F4xx_HAL_Driver/Src/stm32f4xx_hal_tim.o
LOAD ./Drivers/STM32F4xx_HAL_Driver/Src/stm32f4xx_hal_tim_ex.o
LOAD ./Drivers/STM32F4xx_HAL_Driver/Src/stm32f4xx_hal_uart.o
START GROUP
LOAD C:/ST/STM32CubeIDE_2.1.0/STM32CubeIDE/plugins/com.st.stm32cube.ide.mcu.externaltools.gnu-tools-for-stm32.14.3.rel1.win32_1.0.100.202602081740/tools/bin/../lib/gcc/arm-none-eabi/14.3.1/../../../../arm-none-eabi/lib/thumb/v7e-m+fp/hard\libc_nano.a
LOAD C:/ST/STM32CubeIDE_2.1.0/STM32CubeIDE/plugins/com.st.stm32cube.ide.mcu.externaltools.gnu-tools-for-stm32.14.3.rel1.win32_1.0.100.202602081740/tools/bin/../lib/gcc/arm-none-eabi/14.3.1/../../../../arm-none-eabi/lib/thumb/v7e-m+fp/hard\libm.a
END GROUP
START GROUP
LOAD C:/ST/STM32CubeIDE_2.1.0/STM32CubeIDE/plugins/com.st.stm32cube.ide.mcu.externaltools.gnu-tools-for-stm32.14.3.rel1.win32_1.0.100.202602081740/tools/bin/../lib/gcc/arm-none-eabi/14.3.1/thumb/v7e-m+fp/hard\libgcc.a
LOAD C:/ST/STM32CubeIDE_2.1.0/STM32CubeIDE/plugins/com.st.stm32cube.ide.mcu.externaltools.gnu-tools-for-stm32.14.3.rel1.win32_1.0.100.202602081740/tools/bin/../lib/gcc/arm-none-eabi/14.3.1/../../../../arm-none-eabi/lib/thumb/v7e-m+fp/hard\libc_nano.a
END GROUP
START GROUP
LOAD C:/ST/STM32CubeIDE_2.1.0/STM32CubeIDE/plugins/com.st.stm32cube.ide.mcu.externaltools.gnu-tools-for-stm32.14.3.rel1.win32_1.0.100.202602081740/tools/bin/../lib/gcc/arm-none-eabi/14.3.1/thumb/v7e-m+fp/hard\libgcc.a
LOAD C:/ST/STM32CubeIDE_2.1.0/STM32CubeIDE/plugins/com.st.stm32cube.ide.mcu.externaltools.gnu-tools-for-stm32.14.3.rel1.win32_1.0.100.202602081740/tools/bin/../lib/gcc/arm-none-eabi/14.3.1/../../../../arm-none-eabi/lib/thumb/v7e-m+fp/hard\libc_nano.a
LOAD C:/ST/STM32CubeIDE_2.1.0/STM32CubeIDE/plugins/com.st.stm32cube.ide.mcu.externaltools.gnu-tools-for-stm32.14.3.rel1.win32_1.0.100.202602081740/tools/bin/../lib/gcc/arm-none-eabi/14.3.1/../../../../arm-none-eabi/lib/thumb/v7e-m+fp/hard\libnosys.a
END GROUP
START GROUP
LOAD C:/ST/STM32CubeIDE_2.1.0/STM32CubeIDE/plugins/com.st.stm32cube.ide.mcu.externaltools.gnu-tools-for-stm32.14.3.rel1.win32_1.0.100.202602081740/tools/bin/../lib/gcc/arm-none-eabi/14.3.1/thumb/v7e-m+fp/hard\libgcc.a
LOAD C:/ST/STM32CubeIDE_2.1.0/STM32CubeIDE/plugins/com.st.stm32cube.ide.mcu.externaltools.gnu-tools-for-stm32.14.3.rel1.win32_1.0.100.202602081740/tools/bin/../lib/gcc/arm-none-eabi/14.3.1/../../../../arm-none-eabi/lib/thumb/v7e-m+fp/hard\libc_nano.a
LOAD C:/ST/STM32CubeIDE_2.1.0/STM32CubeIDE/plugins/com.st.stm32cube.ide.mcu.externaltools.gnu-tools-for-stm32.14.3.rel1.win32_1.0.100.202602081740/tools/bin/../lib/gcc/arm-none-eabi/14.3.1/../../../../arm-none-eabi/lib/thumb/v7e-m+fp/hard\libnosys.a
END GROUP
LOAD C:/ST/STM32CubeIDE_2.1.0/STM32CubeIDE/plugins/com.st.stm32cube.ide.mcu.externaltools.gnu-tools-for-stm32.14.3.rel1.win32_1.0.100.202602081740/tools/bin/../lib/gcc/arm-none-eabi/14.3.1/thumb/v7e-m+fp/hard/crtend.o
LOAD C:/ST/STM32CubeIDE_2.1.0/STM32CubeIDE/plugins/com.st.stm32cube.ide.mcu.externaltools.gnu-tools-for-stm32.14.3.rel1.win32_1.0.100.202602081740/tools/bin/../lib/gcc/arm-none-eabi/14.3.1/thumb/v7e-m+fp/hard/crtn.o
                0x20020000                        _estack = (ORIGIN (RAM) + LENGTH (RAM))
                0x00000200                        _Min_Heap_Size = 0x200
                0x00000400                        _Min_Stack_Size = 0x400

.isr_vector     0x08000000      0x1c4
                0x08000000                        . = ALIGN (0x4)
 *(.isr_vector)
 .isr_vector    0x08000000      0x1c4 ./Core/Startup/startup_stm32f446retx.o
                0x08000000                g_pfnVectors
                0x080001c4                        . = ALIGN (0x4)

.text           0x080001c4     0x72c0
                0x080001c4                        . = ALIGN (0x4)
 *(.text)
 .text          0x080001c4       0x40 C:/ST/STM32CubeIDE_2.1.0/STM32CubeIDE/plugins/com.st.stm32cube.ide.mcu.externaltools.gnu-tools-for-stm32.14.3.rel1.win32_1.0.100.202602081740/tools/bin/../lib/gcc/arm-none-eabi/14.3.1/thumb/v7e-m+fp/hard/crtbegin.o
 .text          0x08000204       0x30 C:/ST/STM32CubeIDE_2.1.0/STM32CubeIDE/plugins/com.st.stm32cube.ide.mcu.externaltools.gnu-tools-for-stm32.14.3.rel1.win32_1.0.100.202602081740/tools/bin/../lib/gcc/arm-none-eabi/14.3.1/thumb/v7e-m+fp/hard\libgcc.a(_aeabi_uldivmod.o)
                0x08000204                __aeabi_uldivmod
 .text          0x08000234      0x2f8 C:/ST/STM32CubeIDE_2.1.0/STM32CubeIDE/plugins/com.st.stm32cube.ide.mcu.externaltools.gnu-tools-for-stm32.14.3.rel1.win32_1.0.100.202602081740/tools/bin/../lib/gcc/arm-none-eabi/14.3.1/thumb/v7e-m+fp/hard\libgcc.a(_udivmoddi4.o)
                0x08000234                __udivmoddi4
 .text          0x0800052c        0x4 C:/ST/STM32CubeIDE_2.1.0/STM32CubeIDE/plugins/com.st.stm32cube.ide.mcu.externaltools.gnu-tools-for-stm32.14.3.rel1.win32_1.0.100.202602081740/tools/bin/../lib/gcc/arm-none-eabi/14.3.1/thumb/v7e-m+fp/hard\libgcc.a(_dvmd_tls.o)
                0x0800052c                __aeabi_idiv0
                0x0800052c                __aeabi_ldiv0
 *(.text*)
 .text.setSeg   0x08000530       0x30 ./Core/Src/SevenSegmentLib.o
 .text.DisplayNumber
                0x08000560       0xc0 ./Core/Src/SevenSegmentLib.o
                0x08000560                DisplayNumber
 .text.DisplayOff
                0x08000620       0x80 ./Core/Src/SevenSegmentLib.o
                0x08000620                DisplayOff
 .text.NeoPixel_Init
                0x080006a0       0x2c ./Core/Src/main.o
                0x080006a0                NeoPixel_Init
 .text.NeoPixel_SetColor
                0x080006cc       0x68 ./Core/Src/main.o
                0x080006cc                NeoPixel_SetColor
 .text.NeoPixel_Show
                0x08000734       0xe4 ./Core/Src/main.o
                0x08000734                NeoPixel_Show
 .text.UART_SendInt8_Fixed
                0x08000818       0x84 ./Core/Src/main.o
                0x08000818                UART_SendInt8_Fixed
 .text.UART_SendString
                0x0800089c       0x38 ./Core/Src/main.o
                0x0800089c                UART_SendString
 .text.UART_SendBinary4Bit
                0x080008d4       0x70 ./Core/Src/main.o
                0x080008d4                UART_SendBinary4Bit
 .text.main     0x08000944      0x264 ./Core/Src/main.o
                0x08000944                main
 .text.SystemClock_Config
                0x08000ba8       0xdc ./Core/Src/main.o
                0x08000ba8                SystemClock_Config
 .text.MX_ADC1_Init
                0x08000c84       0xfc ./Core/Src/main.o
 .text.MX_I2C1_Init
                0x08000d80       0x5c ./Core/Src/main.o
 .text.MX_TIM2_Init
                0x08000ddc       0xe8 ./Core/Src/main.o
 .text.MX_USART2_UART_Init
                0x08000ec4       0x54 ./Core/Src/main.o
 .text.MX_DMA_Init
                0x08000f18       0x6c ./Core/Src/main.o
 .text.MX_GPIO_Init
                0x08000f84      0x120 ./Core/Src/main.o
 .text.HAL_I2C_AddrCallback
                0x080010a4       0x3c ./Core/Src/main.o
                0x080010a4                HAL_I2C_AddrCallback
 .text.HAL_I2C_SlaveTxCpltCallback
                0x080010e0       0x14 ./Core/Src/main.o
                0x080010e0                HAL_I2C_SlaveTxCpltCallback
 .text.HAL_I2C_ListenCpltCallback
                0x080010f4       0x24 ./Core/Src/main.o
                0x080010f4                HAL_I2C_ListenCpltCallback
 .text.HAL_I2C_ErrorCallback
                0x08001118       0x3c ./Core/Src/main.o
                0x08001118                HAL_I2C_ErrorCallback
 .text.Error_Handler
                0x08001154        0xc ./Core/Src/main.o
                0x08001154                Error_Handler
 .text.HAL_MspInit
                0x08001160       0x50 ./Core/Src/stm32f4xx_hal_msp.o
                0x08001160                HAL_MspInit
 .text.HAL_ADC_MspInit
                0x080011b0      0x124 ./Core/Src/stm32f4xx_hal_msp.o
                0x080011b0                HAL_ADC_MspInit
 .text.HAL_I2C_MspInit
                0x080012d4       0xb0 ./Core/Src/stm32f4xx_hal_msp.o
                0x080012d4                HAL_I2C_MspInit
 .text.HAL_I2C_MspDeInit
                0x08001384       0x54 ./Core/Src/stm32f4xx_hal_msp.o
                0x08001384                HAL_I2C_MspDeInit
 .text.HAL_TIM_Base_MspInit
                0x080013d8       0xa4 ./Core/Src/stm32f4xx_hal_msp.o
                0x080013d8                HAL_TIM_Base_MspInit
 .text.HAL_TIM_MspPostInit
                0x0800147c       0x70 ./Core/Src/stm32f4xx_hal_msp.o
                0x0800147c                HAL_TIM_MspPostInit
 .text.HAL_UART_MspInit
                0x080014ec       0x90 ./Core/Src/stm32f4xx_hal_msp.o
                0x080014ec                HAL_UART_MspInit
 .text.NMI_Handler
                0x0800157c        0x8 ./Core/Src/stm32f4xx_it.o
                0x0800157c                NMI_Handler
 .text.HardFault_Handler
                0x08001584        0x8 ./Core/Src/stm32f4xx_it.o
                0x08001584                HardFault_Handler
 .text.MemManage_Handler
                0x0800158c        0x8 ./Core/Src/stm32f4xx_it.o
                0x0800158c                MemManage_Handler
 .text.BusFault_Handler
                0x08001594        0x8 ./Core/Src/stm32f4xx_it.o
                0x08001594                BusFault_Handler
 .text.UsageFault_Handler
                0x0800159c        0x8 ./Core/Src/stm32f4xx_it.o
                0x0800159c                UsageFault_Handler
 .text.SVC_Handler
                0x080015a4        0xe ./Core/Src/stm32f4xx_it.o
                0x080015a4                SVC_Handler
 .text.DebugMon_Handler
                0x080015b2        0xe ./Core/Src/stm32f4xx_it.o
                0x080015b2                DebugMon_Handler
 .text.PendSV_Handler
                0x080015c0        0xe ./Core/Src/stm32f4xx_it.o
                0x080015c0                PendSV_Handler
 .text.SysTick_Handler
                0x080015ce        0xc ./Core/Src/stm32f4xx_it.o
                0x080015ce                SysTick_Handler
 *fill*         0x080015da        0x2 
 .text.DMA1_Stream5_IRQHandler
                0x080015dc       0x14 ./Core/Src/stm32f4xx_it.o
                0x080015dc                DMA1_Stream5_IRQHandler
 .text.I2C1_EV_IRQHandler
                0x080015f0       0x14 ./Core/Src/stm32f4xx_it.o
                0x080015f0                I2C1_EV_IRQHandler
 .text.I2C1_ER_IRQHandler
                0x08001604       0x14 ./Core/Src/stm32f4xx_it.o
                0x08001604                I2C1_ER_IRQHandler
 .text.EXTI15_10_IRQHandler
                0x08001618       0x10 ./Core/Src/stm32f4xx_it.o
                0x08001618                EXTI15_10_IRQHandler
 .text.DMA2_Stream0_IRQHandler
                0x08001628       0x14 ./Core/Src/stm32f4xx_it.o
                0x08001628                DMA2_Stream0_IRQHandler
 .text.SystemInit
                0x0800163c       0x24 ./Core/Src/system_stm32f4xx.o
                0x0800163c                SystemInit
 .text.Reset_Handler
                0x08001660       0x50 ./Core/Startup/startup_stm32f446retx.o
                0x08001660                Reset_Handler
 .text.Default_Handler
                0x080016b0        0x2 ./Core/Startup/startup_stm32f446retx.o
                0x080016b0                RTC_Alarm_IRQHandler
                0x080016b0                EXTI2_IRQHandler
                0x080016b0                TIM8_CC_IRQHandler
                0x080016b0                FMPI2C1_EV_IRQHandler
                0x080016b0                SPI4_IRQHandler
                0x080016b0                TIM1_CC_IRQHandler
                0x080016b0                DMA2_Stream5_IRQHandler
                0x080016b0                PVD_IRQHandler
                0x080016b0                SDIO_IRQHandler
                0x080016b0                TAMP_STAMP_IRQHandler
                0x080016b0                CAN2_RX1_IRQHandler
                0x080016b0                EXTI3_IRQHandler
                0x080016b0                TIM8_TRG_COM_TIM14_IRQHandler
                0x080016b0                TIM1_UP_TIM10_IRQHandler
                0x080016b0                TIM8_UP_TIM13_IRQHandler
                0x080016b0                I2C3_ER_IRQHandler
                0x080016b0                EXTI0_IRQHandler
                0x080016b0                I2C2_EV_IRQHandler
                0x080016b0                DMA1_Stream2_IRQHandler
                0x080016b0                CAN1_RX0_IRQHandler
                0x080016b0                FPU_IRQHandler
                0x080016b0                OTG_HS_WKUP_IRQHandler
                0x080016b0                CAN2_SCE_IRQHandler
                0x080016b0                DMA2_Stream2_IRQHandler
                0x080016b0                SPI1_IRQHandler
                0x080016b0                TIM6_DAC_IRQHandler
                0x080016b0                TIM1_BRK_TIM9_IRQHandler
                0x080016b0                DCMI_IRQHandler
                0x080016b0                CAN2_RX0_IRQHandler
                0x080016b0                DMA2_Stream3_IRQHandler
                0x080016b0                SAI2_IRQHandler
                0x080016b0                USART6_IRQHandler
                0x080016b0                USART3_IRQHandler
                0x080016b0                CAN1_RX1_IRQHandler
                0x080016b0                UART5_IRQHandler
                0x080016b0                TIM4_IRQHandler
                0x080016b0                QUADSPI_IRQHandler
                0x080016b0                DMA1_Stream6_IRQHandler
                0x080016b0                DMA1_Stream1_IRQHandler
                0x080016b0                UART4_IRQHandler
                0x080016b0                TIM3_IRQHandler
                0x080016b0                RCC_IRQHandler
                0x080016b0                TIM8_BRK_TIM12_IRQHandler
                0x080016b0                Default_Handler
                0x080016b0                CEC_IRQHandler
                0x080016b0                ADC_IRQHandler
                0x080016b0                DMA1_Stream7_IRQHandler
                0x080016b0                TIM7_IRQHandler
                0x080016b0                CAN2_TX_IRQHandler
                0x080016b0                TIM5_IRQHandler
                0x080016b0                DMA2_Stream7_IRQHandler
                0x080016b0                I2C3_EV_IRQHandler
                0x080016b0                EXTI9_5_IRQHandler
                0x080016b0                RTC_WKUP_IRQHandler
                0x080016b0                SPDIF_RX_IRQHandler
                0x080016b0                SPI2_IRQHandler
                0x080016b0                OTG_HS_EP1_IN_IRQHandler
                0x080016b0                DMA1_Stream0_IRQHandler
                0x080016b0                CAN1_TX_IRQHandler
                0x080016b0                FMPI2C1_ER_IRQHandler
                0x080016b0                EXTI4_IRQHandler
                0x080016b0                OTG_HS_EP1_OUT_IRQHandler
                0x080016b0                WWDG_IRQHandler
                0x080016b0                TIM2_IRQHandler
                0x080016b0                OTG_FS_WKUP_IRQHandler
                0x080016b0                TIM1_TRG_COM_TIM11_IRQHandler
                0x080016b0                OTG_HS_IRQHandler
                0x080016b0                EXTI1_IRQHandler
                0x080016b0                USART2_IRQHandler
                0x080016b0                I2C2_ER_IRQHandler
                0x080016b0                DMA2_Stream1_IRQHandler
                0x080016b0                CAN1_SCE_IRQHandler
                0x080016b0                FLASH_IRQHandler
                0x080016b0                DMA2_Stream4_IRQHandler
                0x080016b0                USART1_IRQHandler
                0x080016b0                OTG_FS_IRQHandler
                0x080016b0                SPI3_IRQHandler
                0x080016b0                DMA1_Stream4_IRQHandler
                0x080016b0                FMC_IRQHandler
                0x080016b0                DMA2_Stream6_IRQHandler
                0x080016b0                SAI1_IRQHandler
                0x080016b0                DMA1_Stream3_IRQHandler
 *fill*         0x080016b2        0x2 
 .text.HAL_Init
                0x080016b4       0x44 ./Drivers/STM32F4xx_HAL_Driver/Src/stm32f4xx_hal.o
                0x080016b4                HAL_Init
 .text.HAL_InitTick
                0x080016f8       0x60 ./Drivers/STM32F4xx_HAL_Driver/Src/stm32f4xx_hal.o
                0x080016f8                HAL_InitTick
 .text.HAL_IncTick
                0x08001758       0x28 ./Drivers/STM32F4xx_HAL_Driver/Src/stm32f4xx_hal.o
                0x08001758                HAL_IncTick
 .text.HAL_GetTick
                0x08001780       0x18 ./Drivers/STM32F4xx_HAL_Driver/Src/stm32f4xx_hal.o
                0x08001780                HAL_GetTick
 .text.HAL_Delay
                0x08001798       0x48 ./Drivers/STM32F4xx_HAL_Driver/Src/stm32f4xx_hal.o
                0x08001798                HAL_Delay
 .text.HAL_ADC_Init
                0x080017e0       0x86 ./Drivers/STM32F4xx_HAL_Driver/Src/stm32f4xx_hal_adc.o
                0x080017e0                HAL_ADC_Init
 *fill*         0x08001866        0x2 
 .text.HAL_ADC_Start_DMA
                0x08001868      0x228 ./Drivers/STM32F4xx_HAL_Driver/Src/stm32f4xx_hal_adc.o
                0x08001868                HAL_ADC_Start_DMA
 .text.HAL_ADC_ConvCpltCallback
                0x08001a90       0x14 ./Drivers/STM32F4xx_HAL_Driver/Src/stm32f4xx_hal_adc.o
                0x08001a90                HAL_ADC_ConvCpltCallback
 .text.HAL_ADC_ConvHalfCpltCallback
                0x08001aa4       0x14 ./Drivers/STM32F4xx_HAL_Driver/Src/stm32f4xx_hal_adc.o
                0x08001aa4                HAL_ADC_ConvHalfCpltCallback
 .text.HAL_ADC_ErrorCallback
                0x08001ab8       0x14 ./Drivers/STM32F4xx_HAL_Driver/Src/stm32f4xx_hal_adc.o
                0x08001ab8                HAL_ADC_ErrorCallback
 .text.HAL_ADC_ConfigChannel
                0x08001acc      0x264 ./Drivers/STM32F4xx_HAL_Driver/Src/stm32f4xx_hal_adc.o
                0x08001acc                HAL_ADC_ConfigChannel
 .text.ADC_Init
                0x08001d30      0x1f8 ./Drivers/STM32F4xx_HAL_Driver/Src/stm32f4xx_hal_adc.o
 .text.ADC_DMAConvCplt
                0x08001f28       0xba ./Drivers/STM32F4xx_HAL_Driver/Src/stm32f4xx_hal_adc.o
 .text.ADC_DMAHalfConvCplt
                0x08001fe2       0x1c ./Drivers/STM32F4xx_HAL_Driver/Src/stm32f4xx_hal_adc.o
 .text.ADC_DMAError
                0x08001ffe       0x2e ./Drivers/STM32F4xx_HAL_Driver/Src/stm32f4xx_hal_adc.o
 .text.__NVIC_SetPriorityGrouping
                0x0800202c       0x48 ./Drivers/STM32F4xx_HAL_Driver/Src/stm32f4xx_hal_cortex.o
 .text.__NVIC_GetPriorityGrouping
                0x08002074       0x1c ./Drivers/STM32F4xx_HAL_Driver/Src/stm32f4xx_hal_cortex.o
 .text.__NVIC_EnableIRQ
                0x08002090       0x3c ./Drivers/STM32F4xx_HAL_Driver/Src/stm32f4xx_hal_cortex.o
 .text.__NVIC_DisableIRQ
                0x080020cc       0x48 ./Drivers/STM32F4xx_HAL_Driver/Src/stm32f4xx_hal_cortex.o
 .text.__NVIC_SetPriority
                0x08002114       0x54 ./Drivers/STM32F4xx_HAL_Driver/Src/stm32f4xx_hal_cortex.o
 .text.NVIC_EncodePriority
                0x08002168       0x66 ./Drivers/STM32F4xx_HAL_Driver/Src/stm32f4xx_hal_cortex.o
 *fill*         0x080021ce        0x2 
 .text.SysTick_Config
                0x080021d0       0x44 ./Drivers/STM32F4xx_HAL_Driver/Src/stm32f4xx_hal_cortex.o
 .text.HAL_NVIC_SetPriorityGrouping
                0x08002214       0x16 ./Drivers/STM32F4xx_HAL_Driver/Src/stm32f4xx_hal_cortex.o
                0x08002214                HAL_NVIC_SetPriorityGrouping
 .text.HAL_NVIC_SetPriority
                0x0800222a       0x38 ./Drivers/STM32F4xx_HAL_Driver/Src/stm32f4xx_hal_cortex.o
                0x0800222a                HAL_NVIC_SetPriority
 .text.HAL_NVIC_EnableIRQ
                0x08002262       0x1c ./Drivers/STM32F4xx_HAL_Driver/Src/stm32f4xx_hal_cortex.o
                0x08002262                HAL_NVIC_EnableIRQ
 .text.HAL_NVIC_DisableIRQ
                0x0800227e       0x1c ./Drivers/STM32F4xx_HAL_Driver/Src/stm32f4xx_hal_cortex.o
                0x0800227e                HAL_NVIC_DisableIRQ
 .text.HAL_SYSTICK_Config
                0x0800229a       0x18 ./Drivers/STM32F4xx_HAL_Driver/Src/stm32f4xx_hal_cortex.o
                0x0800229a                HAL_SYSTICK_Config
 *fill*         0x080022b2        0x2 
 .text.HAL_DMA_Init
                0x080022b4      0x15c ./Drivers/STM32F4xx_HAL_Driver/Src/stm32f4xx_hal_dma.o
                0x080022b4                HAL_DMA_Init
 .text.HAL_DMA_Start_IT
                0x08002410       0xb0 ./Drivers/STM32F4xx_HAL_Driver/Src/stm32f4xx_hal_dma.o
                0x08002410                HAL_DMA_Start_IT
 .text.HAL_DMA_Abort_IT
                0x080024c0       0x44 ./Drivers/STM32F4xx_HAL_Driver/Src/stm32f4xx_hal_dma.o
                0x080024c0                HAL_DMA_Abort_IT
 .text.HAL_DMA_IRQHandler
                0x08002504      0x314 ./Drivers/STM32F4xx_HAL_Driver/Src/stm32f4xx_hal_dma.o
                0x08002504                HAL_DMA_IRQHandler
 .text.HAL_DMA_GetState
                0x08002818       0x1c ./Drivers/STM32F4xx_HAL_Driver/Src/stm32f4xx_hal_dma.o
                0x08002818                HAL_DMA_GetState
 .text.DMA_SetConfig
                0x08002834       0x5c ./Drivers/STM32F4xx_HAL_Driver/Src/stm32f4xx_hal_dma.o
 .text.DMA_CalcBaseAndBitshift
                0x08002890       0x6c ./Drivers/STM32F4xx_HAL_Driver/Src/stm32f4xx_hal_dma.o
 .text.DMA_CheckFifoParam
                0x080028fc       0xf8 ./Drivers/STM32F4xx_HAL_Driver/Src/stm32f4xx_hal_dma.o
 .text.HAL_GPIO_Init
                0x080029f4      0x328 ./Drivers/STM32F4xx_HAL_Driver/Src/stm32f4xx_hal_gpio.o
                0x080029f4                HAL_GPIO_Init
 .text.HAL_GPIO_DeInit
                0x08002d1c      0x1e8 ./Drivers/STM32F4xx_HAL_Driver/Src/stm32f4xx_hal_gpio.o
                0x08002d1c                HAL_GPIO_DeInit
 .text.HAL_GPIO_WritePin
                0x08002f04       0x32 ./Drivers/STM32F4xx_HAL_Driver/Src/stm32f4xx_hal_gpio.o
                0x08002f04                HAL_GPIO_WritePin
 *fill*         0x08002f36        0x2 
 .text.HAL_GPIO_EXTI_IRQHandler
                0x08002f38       0x30 ./Drivers/STM32F4xx_HAL_Driver/Src/stm32f4xx_hal_gpio.o
                0x08002f38                HAL_GPIO_EXTI_IRQHandler
 .text.HAL_GPIO_EXTI_Callback
                0x08002f68       0x16 ./Drivers/STM32F4xx_HAL_Driver/Src/stm32f4xx_hal_gpio.o
                0x08002f68                HAL_GPIO_EXTI_Callback
 *fill*         0x08002f7e        0x2 
 .text.HAL_I2C_Init
                0x08002f80      0x288 ./Drivers/STM32F4xx_HAL_Driver/Src/stm32f4xx_hal_i2c.o
                0x08002f80                HAL_I2C_Init
 .text.HAL_I2C_DeInit
                0x08003208       0x5e ./Drivers/STM32F4xx_HAL_Driver/Src/stm32f4xx_hal_i2c.o
                0x08003208                HAL_I2C_DeInit
 .text.I2C_Flush_DR
                0x08003266       0x2a ./Drivers/STM32F4xx_HAL_Driver/Src/stm32f4xx_hal_i2c.o
 .text.HAL_I2C_Slave_Seq_Transmit_IT
                0x08003290       0xe6 ./Drivers/STM32F4xx_HAL_Driver/Src/stm32f4xx_hal_i2c.o
                0x08003290                HAL_I2C_Slave_Seq_Transmit_IT
 .text.HAL_I2C_EnableListen_IT
                0x08003376       0x6c ./Drivers/STM32F4xx_HAL_Driver/Src/stm32f4xx_hal_i2c.o
                0x08003376                HAL_I2C_EnableListen_IT
 .text.HAL_I2C_EV_IRQHandler
                0x080033e2      0x2e2 ./Drivers/STM32F4xx_HAL_Driver/Src/stm32f4xx_hal_i2c.o
                0x080033e2                HAL_I2C_EV_IRQHandler
 .text.HAL_I2C_ER_IRQHandler
                0x080036c4      0x14e ./Drivers/STM32F4xx_HAL_Driver/Src/stm32f4xx_hal_i2c.o
                0x080036c4                HAL_I2C_ER_IRQHandler
 .text.HAL_I2C_MasterTxCpltCallback
                0x08003812       0x14 ./Drivers/STM32F4xx_HAL_Driver/Src/stm32f4xx_hal_i2c.o
                0x08003812                HAL_I2C_MasterTxCpltCallback
 .text.HAL_I2C_MasterRxCpltCallback
                0x08003826       0x14 ./Drivers/STM32F4xx_HAL_Driver/Src/stm32f4xx_hal_i2c.o
                0x08003826                HAL_I2C_MasterRxCpltCallback
 .text.HAL_I2C_SlaveRxCpltCallback
                0x0800383a       0x14 ./Drivers/STM32F4xx_HAL_Driver/Src/stm32f4xx_hal_i2c.o
                0x0800383a                HAL_I2C_SlaveRxCpltCallback
 .text.HAL_I2C_MemTxCpltCallback
                0x0800384e       0x14 ./Drivers/STM32F4xx_HAL_Driver/Src/stm32f4xx_hal_i2c.o
                0x0800384e                HAL_I2C_MemTxCpltCallback
 .text.HAL_I2C_MemRxCpltCallback
                0x08003862       0x14 ./Drivers/STM32F4xx_HAL_Driver/Src/stm32f4xx_hal_i2c.o
                0x08003862                HAL_I2C_MemRxCpltCallback
 .text.HAL_I2C_AbortCpltCallback
                0x08003876       0x14 ./Drivers/STM32F4xx_HAL_Driver/Src/stm32f4xx_hal_i2c.o
                0x08003876                HAL_I2C_AbortCpltCallback
 .text.HAL_I2C_GetError
                0x0800388a       0x18 ./Drivers/STM32F4xx_HAL_Driver/Src/stm32f4xx_hal_i2c.o
                0x0800388a                HAL_I2C_GetError
 .text.I2C_MasterTransmit_TXE
                0x080038a2      0x138 ./Drivers/STM32F4xx_HAL_Driver/Src/stm32f4xx_hal_i2c.o
 .text.I2C_MasterTransmit_BTF
                0x080039da       0xec ./Drivers/STM32F4xx_HAL_Driver/Src/stm32f4xx_hal_i2c.o
 .text.I2C_MemoryTransmit_TXE_BTF
                0x08003ac6      0x130 ./Drivers/STM32F4xx_HAL_Driver/Src/stm32f4xx_hal_i2c.o
 .text.I2C_MasterReceive_RXNE
                0x08003bf6      0x190 ./Drivers/STM32F4xx_HAL_Driver/Src/stm32f4xx_hal_i2c.o
 .text.I2C_MasterReceive_BTF
                0x08003d86      0x1e2 ./Drivers/STM32F4xx_HAL_Driver/Src/stm32f4xx_hal_i2c.o
 .text.I2C_Master_SB
                0x08003f68      0x10c ./Drivers/STM32F4xx_HAL_Driver/Src/stm32f4xx_hal_i2c.o
 .text.I2C_Master_ADD10
                0x08004074       0x54 ./Drivers/STM32F4xx_HAL_Driver/Src/stm32f4xx_hal_i2c.o
 .text.I2C_Master_ADDR
                0x080040c8      0x322 ./Drivers/STM32F4xx_HAL_Driver/Src/stm32f4xx_hal_i2c.o
 .text.I2C_SlaveTransmit_TXE
                0x080043ea       0x7a ./Drivers/STM32F4xx_HAL_Driver/Src/stm32f4xx_hal_i2c.o
 .text.I2C_SlaveTransmit_BTF
                0x08004464       0x42 ./Drivers/STM32F4xx_HAL_Driver/Src/stm32f4xx_hal_i2c.o
 .text.I2C_SlaveReceive_RXNE
                0x080044a6       0x7c ./Drivers/STM32F4xx_HAL_Driver/Src/stm32f4xx_hal_i2c.o
 .text.I2C_SlaveReceive_BTF
                0x08004522       0x44 ./Drivers/STM32F4xx_HAL_Driver/Src/stm32f4xx_hal_i2c.o
 .text.I2C_Slave_ADDR
                0x08004566       0x94 ./Drivers/STM32F4xx_HAL_Driver/Src/stm32f4xx_hal_i2c.o
 *fill*         0x080045fa        0x2 
 .text.I2C_Slave_STOPF
                0x080045fc      0x260 ./Drivers/STM32F4xx_HAL_Driver/Src/stm32f4xx_hal_i2c.o
 .text.I2C_Slave_AF
                0x0800485c       0xe8 ./Drivers/STM32F4xx_HAL_Driver/Src/stm32f4xx_hal_i2c.o
 .text.I2C_ITError
                0x08004944      0x264 ./Drivers/STM32F4xx_HAL_Driver/Src/stm32f4xx_hal_i2c.o
 .text.I2C_DMAAbort
                0x08004ba8      0x150 ./Drivers/STM32F4xx_HAL_Driver/Src/stm32f4xx_hal_i2c.o
 .text.I2C_WaitOnSTOPRequestThroughIT
                0x08004cf8       0x64 ./Drivers/STM32F4xx_HAL_Driver/Src/stm32f4xx_hal_i2c.o
 .text.I2C_ConvertOtherXferOptions
                0x08004d5c       0x36 ./Drivers/STM32F4xx_HAL_Driver/Src/stm32f4xx_hal_i2c.o
 *fill*         0x08004d92        0x2 
 .text.HAL_RCC_ClockConfig
                0x08004d94      0x1cc ./Drivers/STM32F4xx_HAL_Driver/Src/stm32f4xx_hal_rcc.o
                0x08004d94                HAL_RCC_ClockConfig
 .text.HAL_RCC_GetHCLKFreq
                0x08004f60       0x18 ./Drivers/STM32F4xx_HAL_Driver/Src/stm32f4xx_hal_rcc.o
                0x08004f60                HAL_RCC_GetHCLKFreq
 .text.HAL_RCC_GetPCLK1Freq
                0x08004f78       0x28 ./Drivers/STM32F4xx_HAL_Driver/Src/stm32f4xx_hal_rcc.o
                0x08004f78                HAL_RCC_GetPCLK1Freq
 .text.HAL_RCC_GetPCLK2Freq
                0x08004fa0       0x28 ./Drivers/STM32F4xx_HAL_Driver/Src/stm32f4xx_hal_rcc.o
                0x08004fa0                HAL_RCC_GetPCLK2Freq
 .text.HAL_RCC_GetSysClockFreq
                0x08004fc8      0x460 ./Drivers/STM32F4xx_HAL_Driver/Src/stm32f4xx_hal_rcc_ex.o
                0x08004fc8                HAL_RCC_GetSysClockFreq
 .text.HAL_RCC_OscConfig
                0x08005428      0x53c ./Drivers/STM32F4xx_HAL_Driver/Src/stm32f4xx_hal_rcc_ex.o
                0x08005428                HAL_RCC_OscConfig
 .text.HAL_TIM_Base_Init
                0x08005964       0x9e ./Drivers/STM32F4xx_HAL_Driver/Src/stm32f4xx_hal_tim.o
                0x08005964                HAL_TIM_Base_Init
 .text.HAL_TIM_PWM_Init
                0x08005a02       0x9e ./Drivers/STM32F4xx_HAL_Driver/Src/stm32f4xx_hal_tim.o
                0x08005a02                HAL_TIM_PWM_Init
 .text.HAL_TIM_PWM_MspInit
                0x08005aa0       0x14 ./Drivers/STM32F4xx_HAL_Driver/Src/stm32f4xx_hal_tim.o
                0x08005aa0                HAL_TIM_PWM_MspInit
 .text.HAL_TIM_PWM_Start_DMA
                0x08005ab4      0x390 ./Drivers/STM32F4xx_HAL_Driver/Src/stm32f4xx_hal_tim.o
                0x08005ab4                HAL_TIM_PWM_Start_DMA
 .text.HAL_TIM_PWM_Stop_DMA
                0x08005e44      0x1a4 ./Drivers/STM32F4xx_HAL_Driver/Src/stm32f4xx_hal_tim.o
                0x08005e44                HAL_TIM_PWM_Stop_DMA
 .text.HAL_TIM_PWM_ConfigChannel
                0x08005fe8      0x184 ./Drivers/STM32F4xx_HAL_Driver/Src/stm32f4xx_hal_tim.o
                0x08005fe8                HAL_TIM_PWM_ConfigChannel
 .text.HAL_TIM_ConfigClockSource
                0x0800616c      0x18e ./Drivers/STM32F4xx_HAL_Driver/Src/stm32f4xx_hal_tim.o
                0x0800616c                HAL_TIM_ConfigClockSource
 .text.HAL_TIM_PWM_PulseFinishedCallback
                0x080062fa       0x14 ./Drivers/STM32F4xx_HAL_Driver/Src/stm32f4xx_hal_tim.o
                0x080062fa                HAL_TIM_PWM_PulseFinishedCallback
 .text.HAL_TIM_PWM_PulseFinishedHalfCpltCallback
                0x0800630e       0x14 ./Drivers/STM32F4xx_HAL_Driver/Src/stm32f4xx_hal_tim.o
                0x0800630e                HAL_TIM_PWM_PulseFinishedHalfCpltCallback
 .text.HAL_TIM_ErrorCallback
                0x08006322       0x14 ./Drivers/STM32F4xx_HAL_Driver/Src/stm32f4xx_hal_tim.o
                0x08006322                HAL_TIM_ErrorCallback
 .text.TIM_DMAError
                0x08006336       0x92 ./Drivers/STM32F4xx_HAL_Driver/Src/stm32f4xx_hal_tim.o
                0x08006336                TIM_DMAError
 .text.TIM_DMADelayPulseCplt
                0x080063c8       0xa8 ./Drivers/STM32F4xx_HAL_Driver/Src/stm32f4xx_hal_tim.o
 .text.TIM_DMADelayPulseHalfCplt
                0x08006470       0x68 ./Drivers/STM32F4xx_HAL_Driver/Src/stm32f4xx_hal_tim.o
                0x08006470                TIM_DMADelayPulseHalfCplt
 .text.TIM_Base_SetConfig
                0x080064d8      0x14c ./Drivers/STM32F4xx_HAL_Driver/Src/stm32f4xx_hal_tim.o
                0x080064d8                TIM_Base_SetConfig
 .text.TIM_OC1_SetConfig
                0x08006624       0xe0 ./Drivers/STM32F4xx_HAL_Driver/Src/stm32f4xx_hal_tim.o
 .text.TIM_OC2_SetConfig
                0x08006704       0xec ./Drivers/STM32F4xx_HAL_Driver/Src/stm32f4xx_hal_tim.o
                0x08006704                TIM_OC2_SetConfig
 .text.TIM_OC3_SetConfig
                0x080067f0       0xe8 ./Drivers/STM32F4xx_HAL_Driver/Src/stm32f4xx_hal_tim.o
 .text.TIM_OC4_SetConfig
                0x080068d8       0xac ./Drivers/STM32F4xx_HAL_Driver/Src/stm32f4xx_hal_tim.o
 .text.TIM_TI1_ConfigInputStage
                0x08006984       0x5e ./Drivers/STM32F4xx_HAL_Driver/Src/stm32f4xx_hal_tim.o
 .text.TIM_TI2_ConfigInputStage
                0x080069e2       0x60 ./Drivers/STM32F4xx_HAL_Driver/Src/stm32f4xx_hal_tim.o
 .text.TIM_ITRx_SetConfig
                0x08006a42       0x36 ./Drivers/STM32F4xx_HAL_Driver/Src/stm32f4xx_hal_tim.o
 .text.TIM_ETR_SetConfig
                0x08006a78       0x40 ./Drivers/STM32F4xx_HAL_Driver/Src/stm32f4xx_hal_tim.o
                0x08006a78                TIM_ETR_SetConfig
 .text.TIM_CCxChannelCmd
                0x08006ab8       0x4a ./Drivers/STM32F4xx_HAL_Driver/Src/stm32f4xx_hal_tim.o
                0x08006ab8                TIM_CCxChannelCmd
 *fill*         0x08006b02        0x2 
 .text.HAL_TIMEx_MasterConfigSynchronization
                0x08006b04       0xf8 ./Drivers/STM32F4xx_HAL_Driver/Src/stm32f4xx_hal_tim_ex.o
                0x08006b04                HAL_TIMEx_MasterConfigSynchronization
 .text.HAL_UART_Init
                0x08006bfc       0xa0 ./Drivers/STM32F4xx_HAL_Driver/Src/stm32f4xx_hal_uart.o
                0x08006bfc                HAL_UART_Init
 .text.HAL_UART_Transmit
                0x08006c9c      0x116 ./Drivers/STM32F4xx_HAL_Driver/Src/stm32f4xx_hal_uart.o
                0x08006c9c                HAL_UART_Transmit
 .text.UART_WaitOnFlagUntilTimeout
                0x08006db2       0xb2 ./Drivers/STM32F4xx_HAL_Driver/Src/stm32f4xx_hal_uart.o
 .text.UART_EndRxTransfer
                0x08006e64       0xc6 ./Drivers/STM32F4xx_HAL_Driver/Src/stm32f4xx_hal_uart.o
 *fill*         0x08006f2a        0x2 
 .text.UART_SetConfig
                0x08006f2c      0x4e8 ./Drivers/STM32F4xx_HAL_Driver/Src/stm32f4xx_hal_uart.o
 .text.memset   0x08007414       0x10 C:/ST/STM32CubeIDE_2.1.0/STM32CubeIDE/plugins/com.st.stm32cube.ide.mcu.externaltools.gnu-tools-for-stm32.14.3.rel1.win32_1.0.100.202602081740/tools/bin/../lib/gcc/arm-none-eabi/14.3.1/../../../../arm-none-eabi/lib/thumb/v7e-m+fp/hard\libc_nano.a(libc_a-memset.o)
                0x08007414                memset
 .text.__libc_init_array
                0x08007424       0x48 C:/ST/STM32CubeIDE_2.1.0/STM32CubeIDE/plugins/com.st.stm32cube.ide.mcu.externaltools.gnu-tools-for-stm32.14.3.rel1.win32_1.0.100.202602081740/tools/bin/../lib/gcc/arm-none-eabi/14.3.1/../../../../arm-none-eabi/lib/thumb/v7e-m+fp/hard\libc_nano.a(libc_a-init.o)
                0x08007424                __libc_init_array
 *(.glue_7)
 .glue_7        0x0800746c        0x0 linker stubs
 *(.glue_7t)
 .glue_7t       0x0800746c        0x0 linker stubs
 *(.eh_frame)
 .eh_frame      0x0800746c        0x0 C:/ST/STM32CubeIDE_2.1.0/STM32CubeIDE/plugins/com.st.stm32cube.ide.mcu.externaltools.gnu-tools-for-stm32.14.3.rel1.win32_1.0.100.202602081740/tools/bin/../lib/gcc/arm-none-eabi/14.3.1/thumb/v7e-m+fp/hard/crtbegin.o
 *(.init)
 .init          0x0800746c        0x4 C:/ST/STM32CubeIDE_2.1.0/STM32CubeIDE/plugins/com.st.stm32cube.ide.mcu.externaltools.gnu-tools-for-stm32.14.3.rel1.win32_1.0.100.202602081740/tools/bin/../lib/gcc/arm-none-eabi/14.3.1/thumb/v7e-m+fp/hard/crti.o
                0x0800746c                _init
 .init          0x08007470        0x8 C:/ST/STM32CubeIDE_2.1.0/STM32CubeIDE/plugins/com.st.stm32cube.ide.mcu.externaltools.gnu-tools-for-stm32.14.3.rel1.win32_1.0.100.202602081740/tools/bin/../lib/gcc/arm-none-eabi/14.3.1/thumb/v7e-m+fp/hard/crtn.o
 *(.fini)
 .fini          0x08007478        0x4 C:/ST/STM32CubeIDE_2.1.0/STM32CubeIDE/plugins/com.st.stm32cube.ide.mcu.externaltools.gnu-tools-for-stm32.14.3.rel1.win32_1.0.100.202602081740/tools/bin/../lib/gcc/arm-none-eabi/14.3.1/thumb/v7e-m+fp/hard/crti.o
                0x08007478                _fini
 .fini          0x0800747c        0x8 C:/ST/STM32CubeIDE_2.1.0/STM32CubeIDE/plugins/com.st.stm32cube.ide.mcu.externaltools.gnu-tools-for-stm32.14.3.rel1.win32_1.0.100.202602081740/tools/bin/../lib/gcc/arm-none-eabi/14.3.1/thumb/v7e-m+fp/hard/crtn.o
                0x08007484                        . = ALIGN (0x4)
                0x08007484                        _etext = .

.vfp11_veneer   0x08007484        0x0
 .vfp11_veneer  0x08007484        0x0 linker stubs

.v4_bx          0x08007484        0x0
 .v4_bx         0x08007484        0x0 linker stubs

.iplt           0x08007484        0x0
 .iplt          0x08007484        0x0 C:/ST/STM32CubeIDE_2.1.0/STM32CubeIDE/plugins/com.st.stm32cube.ide.mcu.externaltools.gnu-tools-for-stm32.14.3.rel1.win32_1.0.100.202602081740/tools/bin/../lib/gcc/arm-none-eabi/14.3.1/thumb/v7e-m+fp/hard/crtbegin.o

.rodata         0x08007484       0x94
                0x08007484                        . = ALIGN (0x4)
 *(.rodata)
 .rodata        0x08007484       0x61 ./Core/Src/main.o
 *(.rodata*)
 *fill*         0x080074e5        0x3 
 .rodata.SevenSegLUT
                0x080074e8       0x10 ./Core/Src/SevenSegmentLib.o
 .rodata.AHBPrescTable
                0x080074f8       0x10 ./Core/Src/system_stm32f4xx.o
                0x080074f8                AHBPrescTable
 .rodata.APBPrescTable
                0x08007508        0x8 ./Core/Src/system_stm32f4xx.o
                0x08007508                APBPrescTable
 .rodata.flagBitshiftOffset.0
                0x08007510        0x8 ./Drivers/STM32F4xx_HAL_Driver/Src/stm32f4xx_hal_dma.o
                0x08007518                        . = ALIGN (0x4)

.ARM.extab      0x08007518        0x0
                0x08007518                        . = ALIGN (0x4)
 *(.ARM.extab* .gnu.linkonce.armextab.*)
                0x08007518                        . = ALIGN (0x4)

.ARM            0x08007518        0x8
                0x08007518                        . = ALIGN (0x4)
                0x08007518                        __exidx_start = .
 *(.ARM.exidx*)
 .ARM.exidx     0x08007518        0x8 C:/ST/STM32CubeIDE_2.1.0/STM32CubeIDE/plugins/com.st.stm32cube.ide.mcu.externaltools.gnu-tools-for-stm32.14.3.rel1.win32_1.0.100.202602081740/tools/bin/../lib/gcc/arm-none-eabi/14.3.1/thumb/v7e-m+fp/hard\libgcc.a(_udivmoddi4.o)
                0x08007520                        __exidx_end = .
                0x08007520                        . = ALIGN (0x4)

.preinit_array  0x08007520        0x0
                0x08007520                        . = ALIGN (0x4)
                0x08007520                        PROVIDE (__preinit_array_start = .)
 *(.preinit_array*)
                0x08007520                        PROVIDE (__preinit_array_end = .)
                0x08007520                        . = ALIGN (0x4)

.init_array     0x08007520        0x4
                0x08007520                        . = ALIGN (0x4)
                0x08007520                        PROVIDE (__init_array_start = .)
 *(SORT_BY_NAME(.init_array.*))
 *(.init_array*)
 .init_array    0x08007520        0x4 C:/ST/STM32CubeIDE_2.1.0/STM32CubeIDE/plugins/com.st.stm32cube.ide.mcu.externaltools.gnu-tools-for-stm32.14.3.rel1.win32_1.0.100.202602081740/tools/bin/../lib/gcc/arm-none-eabi/14.3.1/thumb/v7e-m+fp/hard/crtbegin.o
                0x08007524                        PROVIDE (__init_array_end = .)
                0x08007524                        . = ALIGN (0x4)

.fini_array     0x08007524        0x4
                0x08007524                        . = ALIGN (0x4)
                [!provide]                        PROVIDE (__fini_array_start = .)
 *(SORT_BY_NAME(.fini_array.*))
 *(.fini_array*)
 .fini_array    0x08007524        0x4 C:/ST/STM32CubeIDE_2.1.0/STM32CubeIDE/plugins/com.st.stm32cube.ide.mcu.externaltools.gnu-tools-for-stm32.14.3.rel1.win32_1.0.100.202602081740/tools/bin/../lib/gcc/arm-none-eabi/14.3.1/thumb/v7e-m+fp/hard/crtbegin.o
                [!provide]                        PROVIDE (__fini_array_end = .)
                0x08007528                        . = ALIGN (0x4)
                0x08007528                        _sidata = LOADADDR (.data)

.rel.dyn        0x08007528        0x0
 .rel.iplt      0x08007528        0x0 C:/ST/STM32CubeIDE_2.1.0/STM32CubeIDE/plugins/com.st.stm32cube.ide.mcu.externaltools.gnu-tools-for-stm32.14.3.rel1.win32_1.0.100.202602081740/tools/bin/../lib/gcc/arm-none-eabi/14.3.1/thumb/v7e-m+fp/hard/crtbegin.o

.data           0x20000000        0xc load address 0x08007528
                0x20000000                        . = ALIGN (0x4)
                0x20000000                        _sdata = .
 *(.data)
 *(.data*)
 .data.SystemCoreClock
                0x20000000        0x4 ./Core/Src/system_stm32f4xx.o
                0x20000000                SystemCoreClock
 .data.uwTickPrio
                0x20000004        0x4 ./Drivers/STM32F4xx_HAL_Driver/Src/stm32f4xx_hal.o
                0x20000004                uwTickPrio
 .data.uwTickFreq
                0x20000008        0x1 ./Drivers/STM32F4xx_HAL_Driver/Src/stm32f4xx_hal.o
                0x20000008                uwTickFreq
 *(.RamFunc)
 *(.RamFunc*)
                0x2000000c                        . = ALIGN (0x4)
 *fill*         0x20000009        0x3 
                0x2000000c                        _edata = .

.igot.plt       0x2000000c        0x0 load address 0x08007534
 .igot.plt      0x2000000c        0x0 C:/ST/STM32CubeIDE_2.1.0/STM32CubeIDE/plugins/com.st.stm32cube.ide.mcu.externaltools.gnu-tools-for-stm32.14.3.rel1.win32_1.0.100.202602081740/tools/bin/../lib/gcc/arm-none-eabi/14.3.1/thumb/v7e-m+fp/hard/crtbegin.o
                0x2000000c                        . = ALIGN (0x4)

.bss            0x2000000c      0x884 load address 0x08007534
                0x2000000c                        _sbss = .
                0x2000000c                        __bss_start__ = _sbss
 *(.bss)
 .bss           0x2000000c       0x1c C:/ST/STM32CubeIDE_2.1.0/STM32CubeIDE/plugins/com.st.stm32cube.ide.mcu.externaltools.gnu-tools-for-stm32.14.3.rel1.win32_1.0.100.202602081740/tools/bin/../lib/gcc/arm-none-eabi/14.3.1/thumb/v7e-m+fp/hard/crtbegin.o
 *(.bss*)
 .bss.mi_display
                0x20000028       0x2c ./Core/Src/main.o
                0x20000028                mi_display
 .bss.hadc1     0x20000054       0x48 ./Core/Src/main.o
                0x20000054                hadc1
 .bss.hdma_adc1
                0x2000009c       0x60 ./Core/Src/main.o
                0x2000009c                hdma_adc1
 .bss.hi2c1     0x200000fc       0x54 ./Core/Src/main.o
                0x200000fc                hi2c1
 .bss.htim2     0x20000150       0x48 ./Core/Src/main.o
                0x20000150                htim2
 .bss.hdma_tim2_ch1
                0x20000198       0x60 ./Core/Src/main.o
                0x20000198                hdma_tim2_ch1
 .bss.huart2    0x200001f8       0x48 ./Core/Src/main.o
                0x200001f8                huart2
 .bss.state     0x20000240        0x1 ./Core/Src/main.o
                0x20000240                state
 *fill*         0x20000241        0x3 
 .bss.pwm_timer
                0x20000244        0x4 ./Core/Src/main.o
                0x20000244                pwm_timer
 .bss.pwm_channel
                0x20000248        0x4 ./Core/Src/main.o
                0x20000248                pwm_channel
 .bss.LED_Data  0x2000024c        0xc ./Core/Src/main.o
                0x2000024c                LED_Data
 .bss.pwmData   0x20000258      0x630 ./Core/Src/main.o
                0x20000258                pwmData
 .bss.adc_data  0x20000888        0x4 ./Core/Src/main.o
                0x20000888                adc_data
 .bss.uwTick    0x2000088c        0x4 ./Drivers/STM32F4xx_HAL_Driver/Src/stm32f4xx_hal.o
                0x2000088c                uwTick
 *(COMMON)
                0x20000890                        . = ALIGN (0x4)
                0x20000890                        _ebss = .
                0x20000890                        __bss_end__ = _ebss

._user_heap_stack
                0x20000890      0x600 load address 0x08007534
                0x20000890                        . = ALIGN (0x8)
                [!provide]                        PROVIDE (end = .)
                0x20000890                        PROVIDE (_end = .)
                0x20000a90                        . = (. + _Min_Heap_Size)
 *fill*         0x20000890      0x200 
                0x20000e90                        . = (. + _Min_Stack_Size)
 *fill*         0x20000a90      0x400 
                0x20000e90                        . = ALIGN (0x8)

/DISCARD/
 libc.a(*)
 libm.a(*)
 libgcc.a(*)

.ARM.attributes
                0x00000000       0x30
 *(.ARM.attributes)
 .ARM.attributes
                0x00000000       0x22 C:/ST/STM32CubeIDE_2.1.0/STM32CubeIDE/plugins/com.st.stm32cube.ide.mcu.externaltools.gnu-tools-for-stm32.14.3.rel1.win32_1.0.100.202602081740/tools/bin/../lib/gcc/arm-none-eabi/14.3.1/thumb/v7e-m+fp/hard/crti.o
 .ARM.attributes
                0x00000022       0x34 C:/ST/STM32CubeIDE_2.1.0/STM32CubeIDE/plugins/com.st.stm32cube.ide.mcu.externaltools.gnu-tools-for-stm32.14.3.rel1.win32_1.0.100.202602081740/tools/bin/../lib/gcc/arm-none-eabi/14.3.1/thumb/v7e-m+fp/hard/crtbegin.o
 .ARM.attributes
                0x00000056       0x34 ./Core/Src/SevenSegmentLib.o
 .ARM.attributes
                0x0000008a       0x34 ./Core/Src/main.o
 .ARM.attributes
                0x000000be       0x34 ./Core/Src/stm32f4xx_hal_msp.o
 .ARM.attributes
                0x000000f2       0x34 ./Core/Src/stm32f4xx_it.o
 .ARM.attributes
                0x00000126       0x34 ./Core/Src/system_stm32f4xx.o
 .ARM.attributes
                0x0000015a       0x21 ./Core/Startup/startup_stm32f446retx.o
 .ARM.attributes
                0x0000017b       0x34 ./Drivers/STM32F4xx_HAL_Driver/Src/stm32f4xx_hal.o
 .ARM.attributes
                0x000001af       0x34 ./Drivers/STM32F4xx_HAL_Driver/Src/stm32f4xx_hal_adc.o
 .ARM.attributes
                0x000001e3       0x34 ./Drivers/STM32F4xx_HAL_Driver/Src/stm32f4xx_hal_cortex.o
 .ARM.attributes
                0x00000217       0x34 ./Drivers/STM32F4xx_HAL_Driver/Src/stm32f4xx_hal_dma.o
 .ARM.attributes
                0x0000024b       0x34 ./Drivers/STM32F4xx_HAL_Driver/Src/stm32f4xx_hal_gpio.o
 .ARM.attributes
                0x0000027f       0x34 ./Drivers/STM32F4xx_HAL_Driver/Src/stm32f4xx_hal_i2c.o
 .ARM.attributes
                0x000002b3       0x34 ./Drivers/STM32F4xx_HAL_Driver/Src/stm32f4xx_hal_rcc.o
 .ARM.attributes
                0x000002e7       0x34 ./Drivers/STM32F4xx_HAL_Driver/Src/stm32f4xx_hal_rcc_ex.o
 .ARM.attributes
                0x0000031b       0x34 ./Drivers/STM32F4xx_HAL_Driver/Src/stm32f4xx_hal_tim.o
 .ARM.attributes
                0x0000034f       0x34 ./Drivers/STM32F4xx_HAL_Driver/Src/stm32f4xx_hal_tim_ex.o
 .ARM.attributes
                0x00000383       0x34 ./Drivers/STM32F4xx_HAL_Driver/Src/stm32f4xx_hal_uart.o
 .ARM.attributes
                0x000003b7       0x34 C:/ST/STM32CubeIDE_2.1.0/STM32CubeIDE/plugins/com.st.stm32cube.ide.mcu.externaltools.gnu-tools-for-stm32.14.3.rel1.win32_1.0.100.202602081740/tools/bin/../lib/gcc/arm-none-eabi/14.3.1/../../../../arm-none-eabi/lib/thumb/v7e-m+fp/hard\libc_nano.a(libc_a-memset.o)
 .ARM.attributes
                0x000003eb       0x34 C:/ST/STM32CubeIDE_2.1.0/STM32CubeIDE/plugins/com.st.stm32cube.ide.mcu.externaltools.gnu-tools-for-stm32.14.3.rel1.win32_1.0.100.202602081740/tools/bin/../lib/gcc/arm-none-eabi/14.3.1/../../../../arm-none-eabi/lib/thumb/v7e-m+fp/hard\libc_nano.a(libc_a-init.o)
 .ARM.attributes
                0x0000041f       0x22 C:/ST/STM32CubeIDE_2.1.0/STM32CubeIDE/plugins/com.st.stm32cube.ide.mcu.externaltools.gnu-tools-for-stm32.14.3.rel1.win32_1.0.100.202602081740/tools/bin/../lib/gcc/arm-none-eabi/14.3.1/thumb/v7e-m+fp/hard\libgcc.a(_aeabi_uldivmod.o)
 .ARM.attributes
                0x00000441       0x34 C:/ST/STM32CubeIDE_2.1.0/STM32CubeIDE/plugins/com.st.stm32cube.ide.mcu.externaltools.gnu-tools-for-stm32.14.3.rel1.win32_1.0.100.202602081740/tools/bin/../lib/gcc/arm-none-eabi/14.3.1/thumb/v7e-m+fp/hard\libgcc.a(_udivmoddi4.o)
 .ARM.attributes
                0x00000475       0x22 C:/ST/STM32CubeIDE_2.1.0/STM32CubeIDE/plugins/com.st.stm32cube.ide.mcu.externaltools.gnu-tools-for-stm32.14.3.rel1.win32_1.0.100.202602081740/tools/bin/../lib/gcc/arm-none-eabi/14.3.1/thumb/v7e-m+fp/hard\libgcc.a(_dvmd_tls.o)
 .ARM.attributes
                0x00000497       0x22 C:/ST/STM32CubeIDE_2.1.0/STM32CubeIDE/plugins/com.st.stm32cube.ide.mcu.externaltools.gnu-tools-for-stm32.14.3.rel1.win32_1.0.100.202602081740/tools/bin/../lib/gcc/arm-none-eabi/14.3.1/thumb/v7e-m+fp/hard/crtn.o
OUTPUT(Proyecto3NucleoA.elf elf32-littlearm)
LOAD linker stubs
LOAD C:/ST/STM32CubeIDE_2.1.0/STM32CubeIDE/plugins/com.st.stm32cube.ide.mcu.externaltools.gnu-tools-for-stm32.14.3.rel1.win32_1.0.100.202602081740/tools/bin/../lib/gcc/arm-none-eabi/14.3.1/../../../../arm-none-eabi/lib/thumb/v7e-m+fp/hard\libc.a
LOAD C:/ST/STM32CubeIDE_2.1.0/STM32CubeIDE/plugins/com.st.stm32cube.ide.mcu.externaltools.gnu-tools-for-stm32.14.3.rel1.win32_1.0.100.202602081740/tools/bin/../lib/gcc/arm-none-eabi/14.3.1/../../../../arm-none-eabi/lib/thumb/v7e-m+fp/hard\libm.a
LOAD C:/ST/STM32CubeIDE_2.1.0/STM32CubeIDE/plugins/com.st.stm32cube.ide.mcu.externaltools.gnu-tools-for-stm32.14.3.rel1.win32_1.0.100.202602081740/tools/bin/../lib/gcc/arm-none-eabi/14.3.1/thumb/v7e-m+fp/hard\libgcc.a

.debug_info     0x00000000    0x11ebd
 .debug_info    0x00000000      0x361 ./Core/Src/SevenSegmentLib.o
 .debug_info    0x00000361     0x1fd2 ./Core/Src/main.o
 .debug_info    0x00002333     0x1693 ./Core/Src/stm32f4xx_hal_msp.o
 .debug_info    0x000039c6      0x71d ./Core/Src/stm32f4xx_it.o
 .debug_info    0x000040e3      0x54a ./Core/Src/system_stm32f4xx.o
 .debug_info    0x0000462d       0x30 ./Core/Startup/startup_stm32f446retx.o
 .debug_info    0x0000465d      0x99a ./Drivers/STM32F4xx_HAL_Driver/Src/stm32f4xx_hal.o
 .debug_info    0x00004ff7      0xce3 ./Drivers/STM32F4xx_HAL_Driver/Src/stm32f4xx_hal_adc.o
 .debug_info    0x00005cda      0xdaa ./Drivers/STM32F4xx_HAL_Driver/Src/stm32f4xx_hal_cortex.o
 .debug_info    0x00006a84      0x8e7 ./Drivers/STM32F4xx_HAL_Driver/Src/stm32f4xx_hal_dma.o
 .debug_info    0x0000736b      0x70b ./Drivers/STM32F4xx_HAL_Driver/Src/stm32f4xx_hal_gpio.o
 .debug_info    0x00007a76     0x2421 ./Drivers/STM32F4xx_HAL_Driver/Src/stm32f4xx_hal_i2c.o
 .debug_info    0x00009e97      0x8ff ./Drivers/STM32F4xx_HAL_Driver/Src/stm32f4xx_hal_rcc.o
 .debug_info    0x0000a796      0x960 ./Drivers/STM32F4xx_HAL_Driver/Src/stm32f4xx_hal_rcc_ex.o
 .debug_info    0x0000b0f6     0x299d ./Drivers/STM32F4xx_HAL_Driver/Src/stm32f4xx_hal_tim.o
 .debug_info    0x0000da93     0x14db ./Drivers/STM32F4xx_HAL_Driver/Src/stm32f4xx_hal_tim_ex.o
 .debug_info    0x0000ef6e     0x2f4f ./Drivers/STM32F4xx_HAL_Driver/Src/stm32f4xx_hal_uart.o

.debug_abbrev   0x00000000     0x252d
 .debug_abbrev  0x00000000      0x18c ./Core/Src/SevenSegmentLib.o
 .debug_abbrev  0x0000018c      0x32d ./Core/Src/main.o
 .debug_abbrev  0x000004b9      0x260 ./Core/Src/stm32f4xx_hal_msp.o
 .debug_abbrev  0x00000719      0x19d ./Core/Src/stm32f4xx_it.o
 .debug_abbrev  0x000008b6      0x11a ./Core/Src/system_stm32f4xx.o
 .debug_abbrev  0x000009d0       0x24 ./Core/Startup/startup_stm32f446retx.o
 .debug_abbrev  0x000009f4      0x214 ./Drivers/STM32F4xx_HAL_Driver/Src/stm32f4xx_hal.o
 .debug_abbrev  0x00000c08      0x252 ./Drivers/STM32F4xx_HAL_Driver/Src/stm32f4xx_hal_adc.o
 .debug_abbrev  0x00000e5a      0x31d ./Drivers/STM32F4xx_HAL_Driver/Src/stm32f4xx_hal_cortex.o
 .debug_abbrev  0x00001177      0x264 ./Drivers/STM32F4xx_HAL_Driver/Src/stm32f4xx_hal_dma.o
 .debug_abbrev  0x000013db      0x1d4 ./Drivers/STM32F4xx_HAL_Driver/Src/stm32f4xx_hal_gpio.o
 .debug_abbrev  0x000015af      0x2ad ./Drivers/STM32F4xx_HAL_Driver/Src/stm32f4xx_hal_i2c.o
 .debug_abbrev  0x0000185c      0x2b7 ./Drivers/STM32F4xx_HAL_Driver/Src/stm32f4xx_hal_rcc.o
 .debug_abbrev  0x00001b13      0x211 ./Drivers/STM32F4xx_HAL_Driver/Src/stm32f4xx_hal_rcc_ex.o
 .debug_abbrev  0x00001d24      0x278 ./Drivers/STM32F4xx_HAL_Driver/Src/stm32f4xx_hal_tim.o
 .debug_abbrev  0x00001f9c      0x283 ./Drivers/STM32F4xx_HAL_Driver/Src/stm32f4xx_hal_tim_ex.o
 .debug_abbrev  0x0000221f      0x30e ./Drivers/STM32F4xx_HAL_Driver/Src/stm32f4xx_hal_uart.o

.debug_aranges  0x00000000     0x1100
 .debug_aranges
                0x00000000       0x38 ./Core/Src/SevenSegmentLib.o
 .debug_aranges
                0x00000038       0xb0 ./Core/Src/main.o
 .debug_aranges
                0x000000e8       0x68 ./Core/Src/stm32f4xx_hal_msp.o
 .debug_aranges
                0x00000150       0x88 ./Core/Src/stm32f4xx_it.o
 .debug_aranges
                0x000001d8       0x28 ./Core/Src/system_stm32f4xx.o
 .debug_aranges
                0x00000200       0x28 ./Core/Startup/startup_stm32f446retx.o
 .debug_aranges
                0x00000228       0xf0 ./Drivers/STM32F4xx_HAL_Driver/Src/stm32f4xx_hal.o
 .debug_aranges
                0x00000318       0xe8 ./Drivers/STM32F4xx_HAL_Driver/Src/stm32f4xx_hal_adc.o
 .debug_aranges
                0x00000400      0x130 ./Drivers/STM32F4xx_HAL_Driver/Src/stm32f4xx_hal_cortex.o
 .debug_aranges
                0x00000530       0x90 ./Drivers/STM32F4xx_HAL_Driver/Src/stm32f4xx_hal_dma.o
 .debug_aranges
                0x000005c0       0x58 ./Drivers/STM32F4xx_HAL_Driver/Src/stm32f4xx_hal_gpio.o
 .debug_aranges
                0x00000618      0x2a8 ./Drivers/STM32F4xx_HAL_Driver/Src/stm32f4xx_hal_i2c.o
 .debug_aranges
                0x000008c0       0x88 ./Drivers/STM32F4xx_HAL_Driver/Src/stm32f4xx_hal_rcc.o
 .debug_aranges
                0x00000948       0x78 ./Drivers/STM32F4xx_HAL_Driver/Src/stm32f4xx_hal_rcc_ex.o
 .debug_aranges
                0x000009c0      0x3d0 ./Drivers/STM32F4xx_HAL_Driver/Src/stm32f4xx_hal_tim.o
 .debug_aranges
                0x00000d90      0x168 ./Drivers/STM32F4xx_HAL_Driver/Src/stm32f4xx_hal_tim_ex.o
 .debug_aranges
                0x00000ef8      0x208 ./Drivers/STM32F4xx_HAL_Driver/Src/stm32f4xx_hal_uart.o

.debug_rnglists
                0x00000000      0xd7d
 .debug_rnglists
                0x00000000       0x28 ./Core/Src/SevenSegmentLib.o
 .debug_rnglists
                0x00000028       0x86 ./Core/Src/main.o
 .debug_rnglists
                0x000000ae       0x4d ./Core/Src/stm32f4xx_hal_msp.o
 .debug_rnglists
                0x000000fb       0x61 ./Core/Src/stm32f4xx_it.o
 .debug_rnglists
                0x0000015c       0x1a ./Core/Src/system_stm32f4xx.o
 .debug_rnglists
                0x00000176       0x19 ./Core/Startup/startup_stm32f446retx.o
 .debug_rnglists
                0x0000018f       0xaf ./Drivers/STM32F4xx_HAL_Driver/Src/stm32f4xx_hal.o
 .debug_rnglists
                0x0000023e       0xb5 ./Drivers/STM32F4xx_HAL_Driver/Src/stm32f4xx_hal_adc.o
 .debug_rnglists
                0x000002f3       0xe0 ./Drivers/STM32F4xx_HAL_Driver/Src/stm32f4xx_hal_cortex.o
 .debug_rnglists
                0x000003d3       0x70 ./Drivers/STM32F4xx_HAL_Driver/Src/stm32f4xx_hal_dma.o
 .debug_rnglists
                0x00000443       0x3f ./Drivers/STM32F4xx_HAL_Driver/Src/stm32f4xx_hal_gpio.o
 .debug_rnglists
                0x00000482      0x23c ./Drivers/STM32F4xx_HAL_Driver/Src/stm32f4xx_hal_i2c.o
 .debug_rnglists
                0x000006be       0x66 ./Drivers/STM32F4xx_HAL_Driver/Src/stm32f4xx_hal_rcc.o
 .debug_rnglists
                0x00000724       0x5e ./Drivers/STM32F4xx_HAL_Driver/Src/stm32f4xx_hal_rcc_ex.o
 .debug_rnglists
                0x00000782      0x31a ./Drivers/STM32F4xx_HAL_Driver/Src/stm32f4xx_hal_tim.o
 .debug_rnglists
                0x00000a9c      0x125 ./Drivers/STM32F4xx_HAL_Driver/Src/stm32f4xx_hal_tim_ex.o
 .debug_rnglists
                0x00000bc1      0x1bc ./Drivers/STM32F4xx_HAL_Driver/Src/stm32f4xx_hal_uart.o

.debug_macro    0x00000000    0x22fd3
 .debug_macro   0x00000000      0x219 ./Core/Src/SevenSegmentLib.o
 .debug_macro   0x00000219      0xad8 ./Core/Src/SevenSegmentLib.o
 .debug_macro   0x00000cf1       0x22 ./Core/Src/SevenSegmentLib.o
 .debug_macro   0x00000d13       0x8e ./Core/Src/SevenSegmentLib.o
 .debug_macro   0x00000da1       0x51 ./Core/Src/SevenSegmentLib.o
 .debug_macro   0x00000df2      0x103 ./Core/Src/SevenSegmentLib.o
 .debug_macro   0x00000ef5       0x6a ./Core/Src/SevenSegmentLib.o
 .debug_macro   0x00000f5f      0x1df ./Core/Src/SevenSegmentLib.o
 .debug_macro   0x0000113e      0x2a7 ./Core/Src/SevenSegmentLib.o
 .debug_macro   0x000013e5       0x2e ./Core/Src/SevenSegmentLib.o
 .debug_macro   0x00001413       0x28 ./Core/Src/SevenSegmentLib.o
 .debug_macro   0x0000143b       0x1c ./Core/Src/SevenSegmentLib.o
 .debug_macro   0x00001457       0x22 ./Core/Src/SevenSegmentLib.o
 .debug_macro   0x00001479       0xfb ./Core/Src/SevenSegmentLib.o
 .debug_macro   0x00001574     0x1011 ./Core/Src/SevenSegmentLib.o
 .debug_macro   0x00002585      0x11f ./Core/Src/SevenSegmentLib.o
 .debug_macro   0x000026a4    0x1675e ./Core/Src/SevenSegmentLib.o
 .debug_macro   0x00018e02       0x6d ./Core/Src/SevenSegmentLib.o
 .debug_macro   0x00018e6f     0x3693 ./Core/Src/SevenSegmentLib.o
 .debug_macro   0x0001c502      0x190 ./Core/Src/SevenSegmentLib.o
 .debug_macro   0x0001c692       0x5c ./Core/Src/SevenSegmentLib.o
 .debug_macro   0x0001c6ee      0xca5 ./Core/Src/SevenSegmentLib.o
 .debug_macro   0x0001d393      0x9e9 ./Core/Src/SevenSegmentLib.o
 .debug_macro   0x0001dd7c      0x115 ./Core/Src/SevenSegmentLib.o
 .debug_macro   0x0001de91      0x1a0 ./Core/Src/SevenSegmentLib.o
 .debug_macro   0x0001e031       0xa5 ./Core/Src/SevenSegmentLib.o
 .debug_macro   0x0001e0d6      0x16d ./Core/Src/SevenSegmentLib.o
 .debug_macro   0x0001e243      0x287 ./Core/Src/SevenSegmentLib.o
 .debug_macro   0x0001e4ca       0x5f ./Core/Src/SevenSegmentLib.o
 .debug_macro   0x0001e529      0x236 ./Core/Src/SevenSegmentLib.o
 .debug_macro   0x0001e75f      0xb5b ./Core/Src/SevenSegmentLib.o
 .debug_macro   0x0001f2ba      0x38b ./Core/Src/SevenSegmentLib.o
 .debug_macro   0x0001f645      0x17d ./Core/Src/SevenSegmentLib.o
 .debug_macro   0x0001f7c2       0xf9 ./Core/Src/SevenSegmentLib.o
 .debug_macro   0x0001f8bb      0x132 ./Core/Src/SevenSegmentLib.o
 .debug_macro   0x0001f9ed      0x29c ./Core/Src/SevenSegmentLib.o
 .debug_macro   0x0001fc89       0x2e ./Core/Src/SevenSegmentLib.o
 .debug_macro   0x0001fcb7      0x1b5 ./Core/Src/SevenSegmentLib.o
 .debug_macro   0x0001fe6c       0x22 ./Core/Src/SevenSegmentLib.o
 .debug_macro   0x0001fe8e       0xd6 ./Core/Src/SevenSegmentLib.o
 .debug_macro   0x0001ff64      0x127 ./Core/Src/SevenSegmentLib.o
 .debug_macro   0x0002008b       0xe8 ./Core/Src/SevenSegmentLib.o
 .debug_macro   0x00020173       0x89 ./Core/Src/SevenSegmentLib.o
 .debug_macro   0x000201fc      0x8ed ./Core/Src/SevenSegmentLib.o
 .debug_macro   0x00020ae9       0x53 ./Core/Src/SevenSegmentLib.o
 .debug_macro   0x00020b3c      0x2aa ./Core/Src/SevenSegmentLib.o
 .debug_macro   0x00020de6      0x126 ./Core/Src/SevenSegmentLib.o
 .debug_macro   0x00020f0c      0x246 ./Core/Src/main.o
 .debug_macro   0x00021152       0xa6 ./Core/Src/main.o
 .debug_macro   0x000211f8      0x21e ./Core/Src/stm32f4xx_hal_msp.o
 .debug_macro   0x00021416      0x228 ./Core/Src/stm32f4xx_it.o
 .debug_macro   0x0002163e      0x20f ./Core/Src/system_stm32f4xx.o
 .debug_macro   0x0002184d      0x26f ./Drivers/STM32F4xx_HAL_Driver/Src/stm32f4xx_hal.o
 .debug_macro   0x00021abc      0x210 ./Drivers/STM32F4xx_HAL_Driver/Src/stm32f4xx_hal_adc.o
 .debug_macro   0x00021ccc      0x20f ./Drivers/STM32F4xx_HAL_Driver/Src/stm32f4xx_hal_cortex.o
 .debug_macro   0x00021edb      0x215 ./Drivers/STM32F4xx_HAL_Driver/Src/stm32f4xx_hal_dma.o
 .debug_macro   0x000220f0      0x215 ./Drivers/STM32F4xx_HAL_Driver/Src/stm32f4xx_hal_gpio.o
 .debug_macro   0x00022305      0x25d ./Drivers/STM32F4xx_HAL_Driver/Src/stm32f4xx_hal_i2c.o
 .debug_macro   0x00022562      0x233 ./Drivers/STM32F4xx_HAL_Driver/Src/stm32f4xx_hal_rcc.o
 .debug_macro   0x00022795      0x20f ./Drivers/STM32F4xx_HAL_Driver/Src/stm32f4xx_hal_rcc_ex.o
 .debug_macro   0x000229a4      0x210 ./Drivers/STM32F4xx_HAL_Driver/Src/stm32f4xx_hal_tim.o
 .debug_macro   0x00022bb4      0x20f ./Drivers/STM32F4xx_HAL_Driver/Src/stm32f4xx_hal_tim_ex.o
 .debug_macro   0x00022dc3      0x210 ./Drivers/STM32F4xx_HAL_Driver/Src/stm32f4xx_hal_uart.o

.debug_line     0x00000000    0x14fdc
 .debug_line    0x00000000      0x87e ./Core/Src/SevenSegmentLib.o
 .debug_line    0x0000087e      0xd39 ./Core/Src/main.o
 .debug_line    0x000015b7      0x974 ./Core/Src/stm32f4xx_hal_msp.o
 .debug_line    0x00001f2b      0x8e9 ./Core/Src/stm32f4xx_it.o
 .debug_line    0x00002814      0x838 ./Core/Src/system_stm32f4xx.o
 .debug_line    0x0000304c       0x7a ./Core/Startup/startup_stm32f446retx.o
 .debug_line    0x000030c6      0xab7 ./Drivers/STM32F4xx_HAL_Driver/Src/stm32f4xx_hal.o
 .debug_line    0x00003b7d     0x12d7 ./Drivers/STM32F4xx_HAL_Driver/Src/stm32f4xx_hal_adc.o
 .debug_line    0x00004e54      0xd84 ./Drivers/STM32F4xx_HAL_Driver/Src/stm32f4xx_hal_cortex.o
 .debug_line    0x00005bd8     0x1020 ./Drivers/STM32F4xx_HAL_Driver/Src/stm32f4xx_hal_dma.o
 .debug_line    0x00006bf8      0xbf5 ./Drivers/STM32F4xx_HAL_Driver/Src/stm32f4xx_hal_gpio.o
 .debug_line    0x000077ed     0x3b61 ./Drivers/STM32F4xx_HAL_Driver/Src/stm32f4xx_hal_i2c.o
 .debug_line    0x0000b34e      0xecf ./Drivers/STM32F4xx_HAL_Driver/Src/stm32f4xx_hal_rcc.o
 .debug_line    0x0000c21d     0x1580 ./Drivers/STM32F4xx_HAL_Driver/Src/stm32f4xx_hal_rcc_ex.o
 .debug_line    0x0000d79d     0x382f ./Drivers/STM32F4xx_HAL_Driver/Src/stm32f4xx_hal_tim.o
 .debug_line    0x00010fcc     0x1a14 ./Drivers/STM32F4xx_HAL_Driver/Src/stm32f4xx_hal_tim_ex.o
 .debug_line    0x000129e0     0x25fc ./Drivers/STM32F4xx_HAL_Driver/Src/stm32f4xx_hal_uart.o

.debug_str      0x00000000    0xdc9c7
 .debug_str     0x00000000    0xdc9c7 ./Core/Src/SevenSegmentLib.o
                              0xd77b3 (size before relaxing)
 .debug_str     0x000dc9c7    0xd92cd ./Core/Src/main.o
 .debug_str     0x000dc9c7    0xd8cd2 ./Core/Src/stm32f4xx_hal_msp.o
 .debug_str     0x000dc9c7    0xd7f85 ./Core/Src/stm32f4xx_it.o
 .debug_str     0x000dc9c7    0xd7849 ./Core/Src/system_stm32f4xx.o
 .debug_str     0x000dc9c7       0xa6 ./Core/Startup/startup_stm32f446retx.o
 .debug_str     0x000dc9c7    0xd840e ./Drivers/STM32F4xx_HAL_Driver/Src/stm32f4xx_hal.o
 .debug_str     0x000dc9c7    0xd7e11 ./Drivers/STM32F4xx_HAL_Driver/Src/stm32f4xx_hal_adc.o
 .debug_str     0x000dc9c7    0xd8165 ./Drivers/STM32F4xx_HAL_Driver/Src/stm32f4xx_hal_cortex.o
 .debug_str     0x000dc9c7    0xd7c3e ./Drivers/STM32F4xx_HAL_Driver/Src/stm32f4xx_hal_dma.o
 .debug_str     0x000dc9c7    0xd79c4 ./Drivers/STM32F4xx_HAL_Driver/Src/stm32f4xx_hal_gpio.o
 .debug_str     0x000dc9c7    0xd8847 ./Drivers/STM32F4xx_HAL_Driver/Src/stm32f4xx_hal_i2c.o
 .debug_str     0x000dc9c7    0xd7c82 ./Drivers/STM32F4xx_HAL_Driver/Src/stm32f4xx_hal_rcc.o
 .debug_str     0x000dc9c7    0xd7cb5 ./Drivers/STM32F4xx_HAL_Driver/Src/stm32f4xx_hal_rcc_ex.o
 .debug_str     0x000dc9c7    0xd8bae ./Drivers/STM32F4xx_HAL_Driver/Src/stm32f4xx_hal_tim.o
 .debug_str     0x000dc9c7    0xd83ba ./Drivers/STM32F4xx_HAL_Driver/Src/stm32f4xx_hal_tim_ex.o
 .debug_str     0x000dc9c7    0xd8239 ./Drivers/STM32F4xx_HAL_Driver/Src/stm32f4xx_hal_uart.o

.comment        0x00000000       0x43
 .comment       0x00000000       0x43 ./Core/Src/SevenSegmentLib.o
                                 0x44 (size before relaxing)
 .comment       0x00000043       0x44 ./Core/Src/main.o
 .comment       0x00000043       0x44 ./Core/Src/stm32f4xx_hal_msp.o
 .comment       0x00000043       0x44 ./Core/Src/stm32f4xx_it.o
 .comment       0x00000043       0x44 ./Core/Src/system_stm32f4xx.o
 .comment       0x00000043       0x44 ./Drivers/STM32F4xx_HAL_Driver/Src/stm32f4xx_hal.o
 .comment       0x00000043       0x44 ./Drivers/STM32F4xx_HAL_Driver/Src/stm32f4xx_hal_adc.o
 .comment       0x00000043       0x44 ./Drivers/STM32F4xx_HAL_Driver/Src/stm32f4xx_hal_cortex.o
 .comment       0x00000043       0x44 ./Drivers/STM32F4xx_HAL_Driver/Src/stm32f4xx_hal_dma.o
 .comment       0x00000043       0x44 ./Drivers/STM32F4xx_HAL_Driver/Src/stm32f4xx_hal_gpio.o
 .comment       0x00000043       0x44 ./Drivers/STM32F4xx_HAL_Driver/Src/stm32f4xx_hal_i2c.o
 .comment       0x00000043       0x44 ./Drivers/STM32F4xx_HAL_Driver/Src/stm32f4xx_hal_rcc.o
 .comment       0x00000043       0x44 ./Drivers/STM32F4xx_HAL_Driver/Src/stm32f4xx_hal_rcc_ex.o
 .comment       0x00000043       0x44 ./Drivers/STM32F4xx_HAL_Driver/Src/stm32f4xx_hal_tim.o
 .comment       0x00000043       0x44 ./Drivers/STM32F4xx_HAL_Driver/Src/stm32f4xx_hal_tim_ex.o
 .comment       0x00000043       0x44 ./Drivers/STM32F4xx_HAL_Driver/Src/stm32f4xx_hal_uart.o

.debug_frame    0x00000000     0x45ac
 .debug_frame   0x00000000       0xa4 ./Core/Src/SevenSegmentLib.o
 .debug_frame   0x000000a4      0x2a0 ./Core/Src/main.o
 .debug_frame   0x00000344      0x178 ./Core/Src/stm32f4xx_hal_msp.o
 .debug_frame   0x000004bc      0x184 ./Core/Src/stm32f4xx_it.o
 .debug_frame   0x00000640       0x50 ./Core/Src/system_stm32f4xx.o
 .debug_frame   0x00000690      0x31c ./Drivers/STM32F4xx_HAL_Driver/Src/stm32f4xx_hal.o
 .debug_frame   0x000009ac      0x3bc ./Drivers/STM32F4xx_HAL_Driver/Src/stm32f4xx_hal_adc.o
 .debug_frame   0x00000d68      0x4b8 ./Drivers/STM32F4xx_HAL_Driver/Src/stm32f4xx_hal_cortex.o
 .debug_frame   0x00001220      0x230 ./Drivers/STM32F4xx_HAL_Driver/Src/stm32f4xx_hal_dma.o
 .debug_frame   0x00001450      0x130 ./Drivers/STM32F4xx_HAL_Driver/Src/stm32f4xx_hal_gpio.o
 .debug_frame   0x00001580      0xbf4 ./Drivers/STM32F4xx_HAL_Driver/Src/stm32f4xx_hal_i2c.o
 .debug_frame   0x00002174      0x1d8 ./Drivers/STM32F4xx_HAL_Driver/Src/stm32f4xx_hal_rcc.o
 .debug_frame   0x0000234c      0x1d8 ./Drivers/STM32F4xx_HAL_Driver/Src/stm32f4xx_hal_rcc_ex.o
 .debug_frame   0x00002524     0x10f0 ./Drivers/STM32F4xx_HAL_Driver/Src/stm32f4xx_hal_tim.o
 .debug_frame   0x00003614      0x600 ./Drivers/STM32F4xx_HAL_Driver/Src/stm32f4xx_hal_tim_ex.o
 .debug_frame   0x00003c14      0x8ec ./Drivers/STM32F4xx_HAL_Driver/Src/stm32f4xx_hal_uart.o
 .debug_frame   0x00004500       0x20 C:/ST/STM32CubeIDE_2.1.0/STM32CubeIDE/plugins/com.st.stm32cube.ide.mcu.externaltools.gnu-tools-for-stm32.14.3.rel1.win32_1.0.100.202602081740/tools/bin/../lib/gcc/arm-none-eabi/14.3.1/../../../../arm-none-eabi/lib/thumb/v7e-m+fp/hard\libc_nano.a(libc_a-memset.o)
 .debug_frame   0x00004520       0x2c C:/ST/STM32CubeIDE_2.1.0/STM32CubeIDE/plugins/com.st.stm32cube.ide.mcu.externaltools.gnu-tools-for-stm32.14.3.rel1.win32_1.0.100.202602081740/tools/bin/../lib/gcc/arm-none-eabi/14.3.1/../../../../arm-none-eabi/lib/thumb/v7e-m+fp/hard\libc_nano.a(libc_a-init.o)
 .debug_frame   0x0000454c       0x2c C:/ST/STM32CubeIDE_2.1.0/STM32CubeIDE/plugins/com.st.stm32cube.ide.mcu.externaltools.gnu-tools-for-stm32.14.3.rel1.win32_1.0.100.202602081740/tools/bin/../lib/gcc/arm-none-eabi/14.3.1/thumb/v7e-m+fp/hard\libgcc.a(_aeabi_uldivmod.o)
 .debug_frame   0x00004578       0x34 C:/ST/STM32CubeIDE_2.1.0/STM32CubeIDE/plugins/com.st.stm32cube.ide.mcu.externaltools.gnu-tools-for-stm32.14.3.rel1.win32_1.0.100.202602081740/tools/bin/../lib/gcc/arm-none-eabi/14.3.1/thumb/v7e-m+fp/hard\libgcc.a(_udivmoddi4.o)

.debug_line_str
                0x00000000       0x8a
 .debug_line_str
                0x00000000       0x8a ./Core/Startup/startup_stm32f446retx.o
