../Core/Src/main.c:105:6:NeoPixel_Init	16	static
../Core/Src/main.c:110:6:NeoPixel_SetColor	16	static
../Core/Src/main.c:118:6:NeoPixel_Show	32	static
../Core/Src/main.c:145:6:UART_SendInt8_Fixed	24	static
../Core/Src/main.c:154:6:UART_SendString	24	static
../Core/Src/main.c:161:6:UART_SendBinary4Bit	24	static
../Core/Src/main.c:179:5:main	32	static
../Core/Src/main.c:315:6:SystemClock_Config	88	static
../Core/Src/main.c:363:13:MX_ADC1_Init	24	static
../Core/Src/main.c:442:13:MX_I2C1_Init	8	static
../Core/Src/main.c:476:13:MX_TIM2_Init	64	static
../Core/Src/main.c:535:13:MX_USART2_UART_Init	8	static
../Core/Src/main.c:566:13:MX_DMA_Init	16	static
../Core/Src/main.c:588:13:MX_GPIO_Init	48	static
../Core/Src/main.c:640:6:HAL_I2C_SlaveTxCpltCallback	16	static
../Core/Src/main.c:644:6:HAL_I2C_ErrorCallback	16	static
../Core/Src/main.c:653:6:Error_Handler	4	static,ignoring_inline_asm
