../Core/Src/main.c:83:6:HAL_TIM_PeriodElapsedCallback	16	static
../Core/Src/main.c:87:6:HAL_TIM_PWM_PulseFinishedCallback	16	static
../Core/Src/main.c:93:6:HAL_I2C_SlaveTxCpltCallback	16	static
../Core/Src/main.c:99:6:HAL_I2C_SlaveRxCpltCallback	16	static
../Core/Src/main.c:109:5:main	16	static
../Core/Src/main.c:186:6:SystemClock_Config	88	static
../Core/Src/main.c:234:13:MX_ADC1_Init	24	static
../Core/Src/main.c:313:13:MX_I2C1_Init	8	static
../Core/Src/main.c:347:13:MX_TIM3_Init	64	static
../Core/Src/main.c:406:13:MX_TIM4_Init	32	static
../Core/Src/main.c:451:13:MX_USART2_UART_Init	8	static
../Core/Src/main.c:482:13:MX_DMA_Init	16	static
../Core/Src/main.c:504:13:MX_GPIO_Init	48	static
../Core/Src/main.c:569:6:Error_Handler	4	static,ignoring_inline_asm
