../Core/Src/ili9341.c:62:6:initLookup	24	static
../Core/Src/ili9341.c:113:6:LCD_Init	8	static
../Core/Src/ili9341.c:221:6:LCD_CMD	16	static
../Core/Src/ili9341.c:232:6:LCD_DATA	16	static
../Core/Src/ili9341.c:243:6:SetWindows	24	static
../Core/Src/ili9341.c:260:6:LCD_Clear	24	static
../Core/Src/ili9341.c:279:6:H_line	32	static
../Core/Src/ili9341.c:300:6:V_line	32	static
../Core/Src/ili9341.c:320:6:Rect	24	static
../Core/Src/ili9341.c:330:6:FillRect	40	static
../Core/Src/ili9341.c:354:6:FillRectFast	40	static
../Core/Src/ili9341.c:409:6:LCD_Print	104	dynamic
../Core/Src/ili9341.c:474:6:LCD_Bitmap	40	static
../Core/Src/ili9341.c:493:6:LCD_BitmapTransparent	40	static
../Core/Src/ili9341.c:516:6:LCD_BitmapFast	40	static
../Core/Src/ili9341.c:568:6:LCD_Sprite	64	static
../Core/Src/ili9341.c:606:6:LCD_Draw_Sliced_RAM	72	static
../Core/Src/ili9341.c:649:6:LCD_Sprite_Transparent	64	static
../Core/Src/ili9341.c:697:6:LCD_Draw_Transparent_Fast	64	static
../Core/Src/ili9341.c:723:6:LCD_Fill	32	static
../Core/Src/ili9341.c:728:6:LCD_DrawImage	32	static
../Core/Src/ili9341.c:737:6:LCD_DrawImageArea	32	static
../Core/Src/ili9341.c:751:6:LCD_DrawPixel	16	static
